Component: ARM Compiler 5.06 update 7 (build 960) Tool: armlink [4d3601]

==============================================================================

Section Cross References

    startup_stm32f103xe.o(RESET) refers to startup_stm32f103xe.o(STACK) for __initial_sp
    startup_stm32f103xe.o(RESET) refers to startup_stm32f103xe.o(.text) for Reset_Handler
    startup_stm32f103xe.o(RESET) refers to stm32f1xx_it.o(i.NMI_Handler) for NMI_Handler
    startup_stm32f103xe.o(RESET) refers to stm32f1xx_it.o(i.HardFault_Handler) for HardFault_Handler
    startup_stm32f103xe.o(RESET) refers to stm32f1xx_it.o(i.MemManage_Handler) for MemManage_Handler
    startup_stm32f103xe.o(RESET) refers to stm32f1xx_it.o(i.BusFault_Handler) for BusFault_Handler
    startup_stm32f103xe.o(RESET) refers to stm32f1xx_it.o(i.UsageFault_Handler) for UsageFault_Handler
    startup_stm32f103xe.o(RESET) refers to port.o(.emb_text) for SVC_Handler
    startup_stm32f103xe.o(RESET) refers to stm32f1xx_it.o(i.DebugMon_Handler) for DebugMon_Handler
    startup_stm32f103xe.o(RESET) refers to port.o(i.SysTick_Handler) for SysTick_Handler
    startup_stm32f103xe.o(RESET) refers to stm32f1xx_it.o(i.DMA1_Channel6_IRQHandler) for DMA1_Channel6_IRQHandler
    startup_stm32f103xe.o(RESET) refers to stm32f1xx_it.o(i.DMA1_Channel7_IRQHandler) for DMA1_Channel7_IRQHandler
    startup_stm32f103xe.o(RESET) refers to stm32f1xx_it.o(i.USART1_IRQHandler) for USART1_IRQHandler
    startup_stm32f103xe.o(RESET) refers to stm32f1xx_it.o(i.USART2_IRQHandler) for USART2_IRQHandler
    startup_stm32f103xe.o(RESET) refers to stm32f1xx_it.o(i.TIM7_IRQHandler) for TIM7_IRQHandler
    startup_stm32f103xe.o(.text) refers to system_stm32f1xx.o(i.SystemInit) for SystemInit
    startup_stm32f103xe.o(.text) refers to entry.o(.ARM.Collect$$$$00000000) for __main
    main.o(i.HAL_TIM_PeriodElapsedCallback) refers to stm32f1xx_hal.o(i.HAL_IncTick) for HAL_IncTick
    main.o(i.SystemClock_Config) refers to memseta.o(.text) for __aeabi_memclr4
    main.o(i.SystemClock_Config) refers to stm32f1xx_hal_rcc.o(i.HAL_RCC_OscConfig) for HAL_RCC_OscConfig
    main.o(i.SystemClock_Config) refers to stm32f1xx_hal_rcc.o(i.HAL_RCC_ClockConfig) for HAL_RCC_ClockConfig
    main.o(i.main) refers to stm32f1xx_hal.o(i.HAL_Init) for HAL_Init
    main.o(i.main) refers to main.o(i.SystemClock_Config) for SystemClock_Config
    main.o(i.main) refers to gpio.o(i.MX_GPIO_Init) for MX_GPIO_Init
    main.o(i.main) refers to usart.o(i.MX_USART1_UART_Init) for MX_USART1_UART_Init
    main.o(i.main) refers to dma.o(i.MX_DMA_Init) for MX_DMA_Init
    main.o(i.main) refers to usart.o(i.MX_USART2_UART_Init) for MX_USART2_UART_Init
    main.o(i.main) refers to app.o(i.Bsp_Init) for Bsp_Init
    main.o(i.main) refers to freertos.o(i.MX_FREERTOS_Init) for MX_FREERTOS_Init
    main.o(i.main) refers to cmsis_os.o(i.osKernelStart) for osKernelStart
    gpio.o(i.MX_GPIO_Init) refers to stm32f1xx_hal_gpio.o(i.HAL_GPIO_WritePin) for HAL_GPIO_WritePin
    gpio.o(i.MX_GPIO_Init) refers to stm32f1xx_hal_gpio.o(i.HAL_GPIO_Init) for HAL_GPIO_Init
    freertos.o(i.MX_FREERTOS_Init) refers to memcpya.o(.text) for __aeabi_memcpy4
    freertos.o(i.MX_FREERTOS_Init) refers to cmsis_os.o(i.osThreadCreate) for osThreadCreate
    freertos.o(i.MX_FREERTOS_Init) refers to app.o(i.TaskCreat) for TaskCreat
    freertos.o(i.MX_FREERTOS_Init) refers to freertos.o(.constdata) for .constdata
    freertos.o(i.MX_FREERTOS_Init) refers to freertos.o(.data) for .data
    freertos.o(i.StartDefaultTask) refers to cmsis_os.o(i.osDelay) for osDelay
    freertos.o(i.vApplicationGetIdleTaskMemory) refers to freertos.o(.bss) for .bss
    freertos.o(.constdata) refers to freertos.o(.conststring) for .conststring
    freertos.o(.constdata) refers to freertos.o(i.StartDefaultTask) for StartDefaultTask
    dma.o(i.MX_DMA_Init) refers to stm32f1xx_hal_cortex.o(i.HAL_NVIC_SetPriority) for HAL_NVIC_SetPriority
    dma.o(i.MX_DMA_Init) refers to stm32f1xx_hal_cortex.o(i.HAL_NVIC_EnableIRQ) for HAL_NVIC_EnableIRQ
    usart.o(i.HAL_UART_MspDeInit) refers to stm32f1xx_hal_gpio.o(i.HAL_GPIO_DeInit) for HAL_GPIO_DeInit
    usart.o(i.HAL_UART_MspDeInit) refers to stm32f1xx_hal_dma.o(i.HAL_DMA_DeInit) for HAL_DMA_DeInit
    usart.o(i.HAL_UART_MspDeInit) refers to stm32f1xx_hal_cortex.o(i.HAL_NVIC_DisableIRQ) for HAL_NVIC_DisableIRQ
    usart.o(i.HAL_UART_MspInit) refers to stm32f1xx_hal_gpio.o(i.HAL_GPIO_Init) for HAL_GPIO_Init
    usart.o(i.HAL_UART_MspInit) refers to stm32f1xx_hal_cortex.o(i.HAL_NVIC_SetPriority) for HAL_NVIC_SetPriority
    usart.o(i.HAL_UART_MspInit) refers to stm32f1xx_hal_dma.o(i.HAL_DMA_Init) for HAL_DMA_Init
    usart.o(i.HAL_UART_MspInit) refers to main.o(i.Error_Handler) for Error_Handler
    usart.o(i.HAL_UART_MspInit) refers to stm32f1xx_hal_cortex.o(i.HAL_NVIC_EnableIRQ) for HAL_NVIC_EnableIRQ
    usart.o(i.HAL_UART_MspInit) refers to usart.o(.bss) for .bss
[...]
    i.vTaskInternalSetTimeOutState           0x080052a8   Section        0  tasks.o(i.vTaskInternalSetTimeOutState)
    i.vTaskMissedYield                       0x080052b8   Section        0  tasks.o(i.vTaskMissedYield)
    i.vTaskPlaceOnEventList                  0x080052c4   Section        0  tasks.o(i.vTaskPlaceOnEventList)
    i.vTaskPriorityDisinheritAfterTimeout    0x080052f4   Section        0  tasks.o(i.vTaskPriorityDisinheritAfterTimeout)
    i.vTaskResume                            0x08005384   Section        0  tasks.o(i.vTaskResume)
    i.vTaskStartScheduler                    0x08005400   Section        0  tasks.o(i.vTaskStartScheduler)
    i.vTaskSuspend                           0x0800546c   Section        0  tasks.o(i.vTaskSuspend)
    i.vTaskSuspendAll                        0x08005508   Section        0  tasks.o(i.vTaskSuspendAll)
    i.vTaskSwitchContext                     0x08005518   Section        0  tasks.o(i.vTaskSwitchContext)
    i.writeCString                           0x0800557c   Section        0  mqttpacket.o(i.writeCString)
    i.writeChar                              0x080055a4   Section        0  mqttpacket.o(i.writeChar)
    i.writeInt                               0x080055b0   Section        0  mqttpacket.o(i.writeInt)
    i.writeMQTTString                        0x080055ce   Section        0  mqttpacket.o(i.writeMQTTString)
    i.xPortStartScheduler                    0x08005604   Section        0  port.o(i.xPortStartScheduler)
    i.xQueueCreateMutex                      0x080056ac   Section        0  queue.o(i.xQueueCreateMutex)
    i.xQueueGenericCreate                    0x080056c2   Section        0  queue.o(i.xQueueGenericCreate)
    i.xQueueGenericReset                     0x0800570c   Section        0  queue.o(i.xQueueGenericReset)
    i.xQueueGenericSend                      0x08005794   Section        0  queue.o(i.xQueueGenericSend)
    i.xQueueSemaphoreTake                    0x080058f4   Section        0  queue.o(i.xQueueSemaphoreTake)
    i.xTaskCheckForTimeOut                   0x08005a6c   Section        0  tasks.o(i.xTaskCheckForTimeOut)
    i.xTaskCreate                            0x08005ae0   Section        0  tasks.o(i.xTaskCreate)
    i.xTaskCreateStatic                      0x08005b3a   Section        0  tasks.o(i.xTaskCreateStatic)
    i.xTaskGetSchedulerState                 0x08005b90   Section        0  tasks.o(i.xTaskGetSchedulerState)
    i.xTaskGetTickCount                      0x08005bac   Section        0  tasks.o(i.xTaskGetTickCount)
    i.xTaskIncrementTick                     0x08005bb8   Section        0  tasks.o(i.xTaskIncrementTick)
    i.xTaskPriorityDisinherit                0x08005c80   Section        0  tasks.o(i.xTaskPriorityDisinherit)
    i.xTaskPriorityInherit                   0x08005d00   Section        0  tasks.o(i.xTaskPriorityInherit)
    i.xTaskRemoveFromEventList               0x08005d78   Section        0  tasks.o(i.xTaskRemoveFromEventList)
    i.xTaskResumeAll                         0x08005de4   Section        0  tasks.o(i.xTaskResumeAll)
    .constdata                               0x08005ea8   Section       28  freertos.o(.constdata)
    .constdata                               0x08005ec4   Section       16  system_stm32f1xx.o(.constdata)
    .constdata                               0x08005ed4   Section        8  system_stm32f1xx.o(.constdata)
    .constdata                               0x08005edc   Section      696  mqttclient.o(.constdata)
    __FUNCTION__                             0x08005edc   Data          20  mqttclient.o(.constdata)
    __FUNCTION__                             0x08005ef0   Data          24  mqttclient.o(.constdata)
    __FUNCTION__                             0x08005f08   Data          26  mqttclient.o(.constdata)
    __FUNCTION__                             0x08005f22   Data          21  mqttclient.o(.constdata)
    __FUNCTION__                             0x08005f37   Data          11  mqttclient.o(.constdata)
    __FUNCTION__                             0x08005f42   Data          18  mqttclient.o(.constdata)
    __FUNCTION__                             0x08005f54   Data          26  mqttclient.o(.constdata)
    __FUNCTION__                             0x08005fc8   Data          21  mqttclient.o(.constdata)
    __FUNCTION__                             0x08005fdd   Data          22  mqttclient.o(.constdata)
    __FUNCTION__                             0x08005ff3   Data          10  mqttclient.o(.constdata)
    __FUNCTION__                             0x08005ffd   Data          19  mqttclient.o(.constdata)
    __FUNCTION__                             0x08006010   Data          19  mqttclient.o(.constdata)
    __FUNCTION__                             0x08006023   Data          18  mqttclient.o(.constdata)
    __FUNCTION__                             0x08006035   Data          14  mqttclient.o(.constdata)
    __FUNCTION__                             0x08006043   Data          14  mqttclient.o(.constdata)
    __FUNCTION__                             0x08006051   Data          12  mqttclient.o(.constdata)
    __FUNCTION__                             0x0800605d   Data          24  mqttclient.o(.constdata)
    __FUNCTION__                             0x08006075   Data          29  mqttclient.o(.constdata)
    __FUNCTION__                             0x08006092   Data          19  mqttclient.o(.constdata)
    __FUNCTION__                             0x080060a5   Data          23  mqttclient.o(.constdata)
    __FUNCTION__                             0x080060bc   Data          17  mqttclient.o(.constdata)
    __FUNCTION__                             0x080060cd   Data          21  mqttclient.o(.constdata)
    __FUNCTION__                             0x080060e2   Data          32  mqttclient.o(.constdata)
    __FUNCTION__                             0x08006102   Data          27  mqttclient.o(.constdata)
    __FUNCTION__                             0x0800611d   Data          29  mqttclient.o(.constdata)
    __FUNCTION__                             0x0800613a   Data          16  mqttclient.o(.constdata)
    __FUNCTION__                             0x0800614a   Data          13  mqttclient.o(.constdata)
    __FUNCTION__                             0x08006157   Data          13  mqttclient.o(.constdata)
    __FUNCTION__                             0x08006164   Data          26  mqttclient.o(.constdata)
    __FUNCTION__                             0x0800617e   Data          22  mqttclient.o(.constdata)
    .constdata                               0x08006194   Section       15  wifi.o(.constdata)
    __FUNCTION__                             0x08006194   Data          15  wifi.o(.constdata)
    .conststring                             0x080061a4   Section       12  freertos.o(.conststring)
    .conststring                             0x080061b0   Section      170  mqttclient.o(.conststring)
    .conststring                             0x0800625c   Section       84  wifi.o(.conststring)
    .data                                    0x20000000   Section        4  freertos.o(.data)
    .data                                    0x20000004   Section       12  stm32f1xx_hal.o(.data)
    .data                                    0x20000010   Section        4  system_stm32f1xx.o(.data)
    .data                                    0x20000014   Section       60  tasks.o(.data)
    pxDelayedTaskList                        0x20000018   Data           4  tasks.o(.data)
    pxOverflowDelayedTaskList                0x2000001c   Data           4  tasks.o(.data)
    uxDeletedTasksWaitingCleanUp             0x20000020   Data           4  tasks.o(.data)
    uxCurrentNumberOfTasks                   0x20000024   Data           4  tasks.o(.data)
    xTickCount                               0x20000028   Data           4  tasks.o(.data)
    uxTopReadyPriority                       0x2000002c   Data           4  tasks.o(.data)
    xSchedulerRunning                        0x20000030   Data           4  tasks.o(.data)
    uxPendedTicks                            0x20000034   Data           4  tasks.o(.data)
    xYieldPending                            0x20000038   Data           4  tasks.o(.data)
    xNumOfOverflows                          0x2000003c   Data           4  tasks.o(.data)
    uxTaskNumber                             0x20000040   Data           4  tasks.o(.data)
    xNextTaskUnblockTime                     0x20000044   Data           4  tasks.o(.data)
    xIdleTaskHandle                          0x20000048   Data           4  tasks.o(.data)
    uxSchedulerSuspended                     0x2000004c   Data           4  tasks.o(.data)
    .data                                    0x20000050   Section       24  heap_4.o(.data)
    pxEnd                                    0x20000050   Data           4  heap_4.o(.data)
    xFreeBytesRemaining                      0x20000054   Data           4  heap_4.o(.data)
    xMinimumEverFreeBytesRemaining           0x20000058   Data           4  heap_4.o(.data)
    xBlockAllocatedBit                       0x2000005c   Data           4  heap_4.o(.data)
    xStart                                   0x20000060   Data           8  heap_4.o(.data)
    .data                                    0x20000068   Section       12  port.o(.data)
    ucMaxSysCallPriority                     0x20000068   Data           1  port.o(.data)
    uxCriticalNesting                        0x2000006c   Data           4  port.o(.data)
    ulMaxPRIGROUPValue                       0x20000070   Data           4  port.o(.data)
    .data                                    0x20000074   Section        4  random.o(.data)
    last_seed                                0x20000074   Data           4  random.o(.data)
    .data                                    0x20000078   Section        4  mqttpacket.o(.data)
    bufptr                                   0x20000078   Data           4  mqttpacket.o(.data)
    .data                                    0x2000007c   Section        2  uart.o(.data)
    .data                                    0x20000080   Section        8  wifi.o(.data)
    .data                                    0x20000088   Section        4  rand.o(.data)
    _rand_state                              0x20000088   Data           4  rand.o(.data)
    .data                                    0x2000008c   Section        4  stdout.o(.data)
    .bss                                     0x20000090   Section      596  freertos.o(.bss)
    xIdleTaskTCBBuffer                       0x20000090   Data          84  freertos.o(.bss)
    xIdleStack                               0x200000e4   Data         512  freertos.o(.bss)
    .bss                                     0x200002e4   Section      272  usart.o(.bss)
    .bss                                     0x200003f4   Section       72  stm32f1xx_hal_timebase_tim.o(.bss)
    .bss                                     0x2000043c   Section      240  tasks.o(.bss)
    pxReadyTasksLists                        0x2000043c   Data         140  tasks.o(.bss)
    xDelayedTaskList1                        0x200004c8   Data          20  tasks.o(.bss)
    xDelayedTaskList2                        0x200004dc   Data          20  tasks.o(.bss)
    xPendingReadyList                        0x200004f0   Data          20  tasks.o(.bss)
    xTasksWaitingTermination                 0x20000504   Data          20  tasks.o(.bss)
    xSuspendedTaskList                       0x20000518   Data          20  tasks.o(.bss)
    .bss                                     0x2000052c   Section    16384  heap_4.o(.bss)
    ucHeap                                   0x2000052c   Data       16384  heap_4.o(.bss)
    .bss                                     0x2000452c   Section     1024  uart.o(.bss)
    .bss                                     0x2000492c   Section     2056  wifi.o(.bss)
    STACK                                    0x20005138   Section     1024  startup_stm32f103xe.o(STACK)

    Global Symbols

    Symbol Name                              Value     Ov Type        Size  Object(Section)

    BuildAttributes$$THM_ISAv4$P$D$K$B$S$PE$A:L22UL41UL21$X:L11$S22US41US21$IEEE1$IW$USESV6$~STKCKD$USESV7$~SHL$OSPACE$ROPI$EBA8$MICROLIB$REQ8$PRES8$EABIv2 0x00000000   Number         0  anon$$obj.o ABSOLUTE
    __ARM_use_no_argv                        0x00000000   Number         0  main.o ABSOLUTE
    _printf_a                                0x00000000   Number         0  stubs.o ABSOLUTE
    _printf_c                                0x00000000   Number         0  stubs.o ABSOLUTE
    _printf_charcount                        0x00000000   Number         0  stubs.o ABSOLUTE
    _printf_d                                0x00000000   Number         0  stubs.o ABSOLUTE
    _printf_e                                0x00000000   Number         0  stubs.o ABSOLUTE
    _printf_f                                0x00000000   Number         0  stubs.o ABSOLUTE
    _printf_flags                            0x00000000   Number         0  stubs.o ABSOLUTE
    _printf_fp_dec                           0x00000000   Number         0  stubs.o ABSOLUTE
    _printf_fp_hex                           0x00000000   Number         0  stubs.o ABSOLUTE
    _printf_g                                0x00000000   Number         0  stubs.o ABSOLUTE
    _printf_i                                0x00000000   Number         0  stubs.o ABSOLUTE
    _printf_int_dec                          0x00000000   Number         0  stubs.o ABSOLUTE
    _printf_l                                0x00000000   Number         0  stubs.o ABSOLUTE
    _printf_lc                               0x00000000   Number         0  stubs.o ABSOLUTE
    _printf_ll                               0x00000000   Number         0  stubs.o ABSOLUTE
    _printf_lld                              0x00000000   Number         0  stubs.o ABSOLUTE
    _printf_lli                              0x00000000   Number         0  stubs.o ABSOLUTE
    _printf_llo                              0x00000000   Number         0  stubs.o ABSOLUTE
    _printf_llu                              0x00000000   Number         0  stubs.o ABSOLUTE
    _printf_llx                              0x00000000   Number         0  stubs.o ABSOLUTE
    _printf_longlong_dec                     0x00000000   Number         0  stubs.o ABSOLUTE
    _printf_longlong_hex                     0x00000000   Number         0  stubs.o ABSOLUTE
    _printf_longlong_oct                     0x00000000   Number         0  stubs.o ABSOLUTE
    _printf_ls                               0x00000000   Number         0  stubs.o ABSOLUTE
    _printf_mbtowc                           0x00000000   Number         0  stubs.o ABSOLUTE
    _printf_n                                0x00000000   Number         0  stubs.o ABSOLUTE
    _printf_o                                0x00000000   Number         0  stubs.o ABSOLUTE
    _printf_p                                0x00000000   Number         0  stubs.o ABSOLUTE
    _printf_percent                          0x00000000   Number         0  stubs.o ABSOLUTE
    _printf_pre_padding                      0x00000000   Number         0  stubs.o ABSOLUTE
    _printf_return_value                     0x00000000   Number         0  stubs.o ABSOLUTE
    _printf_s                                0x00000000   Number         0  stubs.o ABSOLUTE
    _printf_sizespec                         0x00000000   Number         0  stubs.o ABSOLUTE
    _printf_str                              0x00000000   Number         0  stubs.o ABSOLUTE
    _printf_truncate_signed                  0x00000000   Number         0  stubs.o ABSOLUTE
    _printf_truncate_unsigned                0x00000000   Number         0  stubs.o ABSOLUTE
    _printf_u                                0x00000000   Number         0  stubs.o ABSOLUTE
    _printf_wc                               0x00000000   Number         0  stubs.o ABSOLUTE
    _printf_wctomb                           0x00000000   Number         0  stubs.o ABSOLUTE
    _printf_widthprec                        0x00000000   Number         0  stubs.o ABSOLUTE
    _printf_x                                0x00000000   Number         0  stubs.o ABSOLUTE
    __arm_fini_                               - Undefined Weak Reference
    __cpp_initialize__aeabi_                  - Undefined Weak Reference
    __cxa_finalize                            - Undefined Weak Reference
    __decompress                              - Undefined Weak Reference
    _clock_init                               - Undefined Weak Reference
    _microlib_exit                            - Undefined Weak Reference
    __Vectors_Size                           0x00000130   Number         0  startup_stm32f103xe.o ABSOLUTE
    __Vectors                                0x08000000   Data           4  startup_stm32f103xe.o(RESET)
    __Vectors_End                            0x08000130   Data           0  startup_stm32f103xe.o(RESET)
    __main                                   0x08000131   Thumb Code     0  entry.o(.ARM.Collect$$$$00000000)
    _main_stk                                0x08000131   Thumb Code     0  entry2.o(.ARM.Collect$$$$00000001)
    _main_scatterload                        0x08000135   Thumb Code     0  entry5.o(.ARM.Collect$$$$00000004)
    __main_after_scatterload                 0x08000139   Thumb Code     0  entry5.o(.ARM.Collect$$$$00000004)
    _main_clock                              0x08000139   Thumb Code     0  entry7b.o(.ARM.Collect$$$$00000008)
    _main_cpp_init                           0x08000139   Thumb Code     0  entry8b.o(.ARM.Collect$$$$0000000A)
    _main_init                               0x08000139   Thumb Code     0  entry9a.o(.ARM.Collect$$$$0000000B)
    __rt_lib_shutdown_fini                   0x08000141   Thumb Code     0  entry12b.o(.ARM.Collect$$$$0000000E)
    __rt_final_cpp                           0x08000145   Thumb Code     0  entry10a.o(.ARM.Collect$$$$0000000F)
    __rt_final_exit                          0x08000145   Thumb Code     0  entry11a.o(.ARM.Collect$$$$00000011)
    SVC_Handler                              0x08000149   Thumb Code    32  port.o(.emb_text)
    __asm___6_port_c_39a90d8d__prvStartFirstTask 0x0800016d   Thumb Code    28  port.o(.emb_text)
    PendSV_Handler                           0x0800018d   Thumb Code    72  port.o(.emb_text)
    vPortGetIPSR                             0x080001d9   Thumb Code     6  port.o(.emb_text)
    Reset_Handler                            0x080001e1   Thumb Code     8  startup_stm32f103xe.o(.text)
    ADC1_2_IRQHandler                        0x080001fb   Thumb Code     0  startup_stm32f103xe.o(.text)
    ADC3_IRQHandler                          0x080001fb   Thumb Code     0  startup_stm32f103xe.o(.text)
    CAN1_RX1_IRQHandler                      0x080001fb   Thumb Code     0  startup_stm32f103xe.o(.text)
    CAN1_SCE_IRQHandler                      0x080001fb   Thumb Code     0  startup_stm32f103xe.o(.text)
    DMA1_Channel1_IRQHandler                 0x080001fb   Thumb Code     0  startup_stm32f103xe.o(.text)
    DMA1_Channel2_IRQHandler                 0x080001fb   Thumb Code     0  startup_stm32f103xe.o(.text)
    DMA1_Channel3_IRQHandler                 0x080001fb   Thumb Code     0  startup_stm32f103xe.o(.text)
    DMA1_Channel4_IRQHandler                 0x080001fb   Thumb Code     0  startup_stm32f103xe.o(.text)
    DMA1_Channel5_IRQHandler                 0x080001fb   Thumb Code     0  startup_stm32f103xe.o(.text)
    DMA2_Channel1_IRQHandler                 0x080001fb   Thumb Code     0  startup_stm32f103xe.o(.text)
    DMA2_Channel2_IRQHandler                 0x080001fb   Thumb Code     0  startup_stm32f103xe.o(.text)
    DMA2_Channel3_IRQHandler                 0x080001fb   Thumb Code     0  startup_stm32f103xe.o(.text)
    DMA2_Channel4_5_IRQHandler               0x080001fb   Thumb Code     0  startup_stm32f103xe.o(.text)
    EXTI0_IRQHandler                         0x080001fb   Thumb Code     0  startup_stm32f103xe.o(.text)
    EXTI15_10_IRQHandler                     0x080001fb   Thumb Code     0  startup_stm32f103xe.o(.text)
    EXTI1_IRQHandler                         0x080001fb   Thumb Code     0  startup_stm32f103xe.o(.text)
    EXTI2_IRQHandler                         0x080001fb   Thumb Code     0  startup_stm32f103xe.o(.text)
    EXTI3_IRQHandler                         0x080001fb   Thumb Code     0  startup_stm32f103xe.o(.text)
    EXTI4_IRQHandler                         0x080001fb   Thumb Code     0  startup_stm32f103xe.o(.text)
    EXTI9_5_IRQHandler                       0x080001fb   Thumb Code     0  startup_stm32f103xe.o(.text)
    FLASH_IRQHandler                         0x080001fb   Thumb Code     0  startup_stm32f103xe.o(.text)
    FSMC_IRQHandler                          0x080001fb   Thumb Code     0  startup_stm32f103xe.o(.text)
    I2C1_ER_IRQHandler                       0x080001fb   Thumb Code     0  startup_stm32f103xe.o(.text)
    I2C1_EV_IRQHandler                       0x080001fb   Thumb Code     0  startup_stm32f103xe.o(.text)
    I2C2_ER_IRQHandler                       0x080001fb   Thumb Code     0  startup_stm32f103xe.o(.text)
    I2C2_EV_IRQHandler                       0x080001fb   Thumb Code     0  startup_stm32f103xe.o(.text)
    PVD_IRQHandler                           0x080001fb   Thumb Code     0  startup_stm32f103xe.o(.text)
    RCC_IRQHandler                           0x080001fb   Thumb Code     0  startup_stm32f103xe.o(.text)
    RTC_Alarm_IRQHandler                     0x080001fb   Thumb Code     0  startup_stm32f103xe.o(.text)
    RTC_IRQHandler                           0x080001fb   Thumb Code     0  startup_stm32f103xe.o(.text)
    SDIO_IRQHandler                          0x080001fb   Thumb Code     0  startup_stm32f103xe.o(.text)
    SPI1_IRQHandler                          0x080001fb   Thumb Code     0  startup_stm32f103xe.o(.text)
    SPI2_IRQHandler                          0x080001fb   Thumb Code     0  startup_stm32f103xe.o(.text)
    SPI3_IRQHandler                          0x080001fb   Thumb Code     0  startup_stm32f103xe.o(.text)
    TAMPER_IRQHandler                        0x080001fb   Thumb Code     0  startup_stm32f103xe.o(.text)
    TIM1_BRK_IRQHandler                      0x080001fb   Thumb Code     0  startup_stm32f103xe.o(.text)
    TIM1_CC_IRQHandler                       0x080001fb   Thumb Code     0  startup_stm32f103xe.o(.text)
    TIM1_TRG_COM_IRQHandler                  0x080001fb   Thumb Code     0  startup_stm32f103xe.o(.text)
    TIM1_UP_IRQHandler                       0x080001fb   Thumb Code     0  startup_stm32f103xe.o(.text)
    TIM2_IRQHandler                          0x080001fb   Thumb Code     0  startup_stm32f103xe.o(.text)
    TIM3_IRQHandler                          0x080001fb   Thumb Code     0  startup_stm32f103xe.o(.text)
    TIM4_IRQHandler                          0x080001fb   Thumb Code     0  startup_stm32f103xe.o(.text)
    TIM5_IRQHandler                          0x080001fb   Thumb Code     0  startup_stm32f103xe.o(.text)
    TIM6_IRQHandler                          0x080001fb   Thumb Code     0  startup_stm32f103xe.o(.text)
    TIM8_BRK_IRQHandler                      0x080001fb   Thumb Code     0  startup_stm32f103xe.o(.text)
    TIM8_CC_IRQHandler                       0x080001fb   Thumb Code     0  startup_stm32f103xe.o(.text)
    TIM8_TRG_COM_IRQHandler                  0x080001fb   Thumb Code     0  startup_stm32f103xe.o(.text)
    TIM8_UP_IRQHandler                       0x080001fb   Thumb Code     0  startup_stm32f103xe.o(.text)
    UART4_IRQHandler                         0x080001fb   Thumb Code     0  startup_stm32f103xe.o(.text)
    UART5_IRQHandler                         0x080001fb   Thumb Code     0  startup_stm32f103xe.o(.text)
    USART3_IRQHandler                        0x080001fb   Thumb Code     0  startup_stm32f103xe.o(.text)
    USBWakeUp_IRQHandler                     0x080001fb   Thumb Code     0  startup_stm32f103xe.o(.text)
    USB_HP_CAN1_TX_IRQHandler                0x080001fb   Thumb Code     0  startup_stm32f103xe.o(.text)
    USB_LP_CAN1_RX0_IRQHandler               0x080001fb   Thumb Code     0  startup_stm32f103xe.o(.text)
    WWDG_IRQHandler                          0x080001fb   Thumb Code     0  startup_stm32f103xe.o(.text)
    rand                                     0x08000205   Thumb Code    20  rand.o(.text)
    srand                                    0x08000219   Thumb Code     6  rand.o(.text)
    __aeabi_memcpy                           0x08000229   Thumb Code    36  memcpya.o(.text)
    __aeabi_memcpy4                          0x08000229   Thumb Code     0  memcpya.o(.text)
    __aeabi_memcpy8                          0x08000229   Thumb Code     0  memcpya.o(.text)
    __aeabi_memset                           0x0800024d   Thumb Code    14  memseta.o(.text)
    __aeabi_memset4                          0x0800024d   Thumb Code     0  memseta.o(.text)
    __aeabi_memset8                          0x0800024d   Thumb Code     0  memseta.o(.text)
    __aeabi_memclr                           0x0800025b   Thumb Code     4  memseta.o(.text)
    __aeabi_memclr4                          0x0800025b   Thumb Code     0  memseta.o(.text)
    __aeabi_memclr8                          0x0800025b   Thumb Code     0  memseta.o(.text)
    memset                                   0x0800025f   Thumb Code    18  memseta.o(.text)
    strstr                                   0x08000271   Thumb Code    36  strstr.o(.text)
    strlen                                   0x08000295   Thumb Code    14  strlen.o(.text)
    strncmp                                  0x080002a3   Thumb Code    30  strncmp.o(.text)
    __aeabi_uidiv                            0x080002c1   Thumb Code     0  uidiv.o(.text)
    __aeabi_uidivmod                         0x080002c1   Thumb Code    44  uidiv.o(.text)
    __scatterload                            0x080002ed   Thumb Code    28  init.o(.text)
    __scatterload_rt2                        0x080002ed   Thumb Code     0  init.o(.text)
    AT_Init                                  0x08000311   Thumb Code    30  wifi.o(i.AT_Init)
    AT_ReadData                              0x08000335   Thumb Code    46  wifi.o(i.AT_ReadData)
    AT_Rx_Task                               0x0800036d   Thumb Code    98  wifi.o(i.AT_Rx_Task)
    AT_SendCmd                               0x080003e9   Thumb Code    76  wifi.o(i.AT_SendCmd)
    AT_SendData                              0x0800043d   Thumb Code    16  wifi.o(i.AT_SendData)
    Bsp_Init                                 0x0800044d   Thumb Code    14  app.o(i.Bsp_Init)
    BusFault_Handler                         0x0800045b   Thumb Code     2  stm32f1xx_it.o(i.BusFault_Handler)
    DMA1_Channel6_IRQHandler                 0x0800045d   Thumb Code     6  stm32f1xx_it.o(i.DMA1_Channel6_IRQHandler)
    DMA1_Channel7_IRQHandler                 0x08000469   Thumb Code     6  stm32f1xx_it.o(i.DMA1_Channel7_IRQHandler)
    DebugMon_Handler                         0x0800049f   Thumb Code     2  stm32f1xx_it.o(i.DebugMon_Handler)
    Error_Handler                            0x080004a1   Thumb Code     4  main.o(i.Error_Handler)
    HAL_DMA_Abort                            0x080004a5   Thumb Code    70  stm32f1xx_hal_dma.o(i.HAL_DMA_Abort)
    HAL_DMA_Abort_IT                         0x080004ed   Thumb Code   296  stm32f1xx_hal_dma.o(i.HAL_DMA_Abort_IT)
    HAL_DMA_IRQHandler                       0x0800061d   Thumb Code   552  stm32f1xx_hal_dma.o(i.HAL_DMA_IRQHandler)
    HAL_DMA_Init                             0x08000865   Thumb Code   112  stm32f1xx_hal_dma.o(i.HAL_DMA_Init)
    HAL_DMA_Start_IT                         0x080008e1   Thumb Code   112  stm32f1xx_hal_dma.o(i.HAL_DMA_Start_IT)
    HAL_GPIO_Init                            0x08000951   Thumb Code   462  stm32f1xx_hal_gpio.o(i.HAL_GPIO_Init)
    HAL_GPIO_WritePin                        0x08000b49   Thumb Code    10  stm32f1xx_hal_gpio.o(i.HAL_GPIO_WritePin)
    HAL_GetTick                              0x08000b55   Thumb Code     6  stm32f1xx_hal.o(i.HAL_GetTick)
    HAL_IncTick                              0x08000b61   Thumb Code    12  stm32f1xx_hal.o(i.HAL_IncTick)
    HAL_Init                                 0x08000b71   Thumb Code    32  stm32f1xx_hal.o(i.HAL_Init)
    HAL_InitTick                             0x08000b95   Thumb Code   100  stm32f1xx_hal_timebase_tim.o(i.HAL_InitTick)
    HAL_MspInit                              0x08000c09   Thumb Code    62  stm32f1xx_hal_msp.o(i.HAL_MspInit)
    HAL_NVIC_EnableIRQ                       0x08000c51   Thumb Code    26  stm32f1xx_hal_cortex.o(i.HAL_NVIC_EnableIRQ)
    HAL_NVIC_SetPriority                     0x08000c6d   Thumb Code    60  stm32f1xx_hal_cortex.o(i.HAL_NVIC_SetPriority)
    HAL_NVIC_SetPriorityGrouping             0x08000cad   Thumb Code    26  stm32f1xx_hal_cortex.o(i.HAL_NVIC_SetPriorityGrouping)
    HAL_RCC_ClockConfig                      0x08000cd1   Thumb Code   280  stm32f1xx_hal_rcc.o(i.HAL_RCC_ClockConfig)
    HAL_RCC_GetClockConfig                   0x08000dfd   Thumb Code    54  stm32f1xx_hal_rcc.o(i.HAL_RCC_GetClockConfig)
    HAL_RCC_GetPCLK1Freq                     0x08000e3d   Thumb Code    20  stm32f1xx_hal_rcc.o(i.HAL_RCC_GetPCLK1Freq)
    HAL_RCC_GetPCLK2Freq                     0x08000e5d   Thumb Code    20  stm32f1xx_hal_rcc.o(i.HAL_RCC_GetPCLK2Freq)
    HAL_RCC_GetSysClockFreq                  0x08000e7d   Thumb Code    74  stm32f1xx_hal_rcc.o(i.HAL_RCC_GetSysClockFreq)
    HAL_RCC_OscConfig                        0x08000ee9   Thumb Code   778  stm32f1xx_hal_rcc.o(i.HAL_RCC_OscConfig)
    HAL_TIMEx_BreakCallback                  0x08001209   Thumb Code     2  stm32f1xx_hal_tim_ex.o(i.HAL_TIMEx_BreakCallback)
    HAL_TIMEx_CommutCallback                 0x0800120b   Thumb Code     2  stm32f1xx_hal_tim_ex.o(i.HAL_TIMEx_CommutCallback)
    HAL_TIM_Base_Init                        0x0800120d   Thumb Code    90  stm32f1xx_hal_tim.o(i.HAL_TIM_Base_Init)
    HAL_TIM_Base_MspInit                     0x08001267   Thumb Code     2  stm32f1xx_hal_tim.o(i.HAL_TIM_Base_MspInit)
    HAL_TIM_Base_Start_IT                    0x08001269   Thumb Code    88  stm32f1xx_hal_tim.o(i.HAL_TIM_Base_Start_IT)
    HAL_TIM_IC_CaptureCallback               0x080012d5   Thumb Code     2  stm32f1xx_hal_tim.o(i.HAL_TIM_IC_CaptureCallback)
    HAL_TIM_IRQHandler                       0x080012d7   Thumb Code   358  stm32f1xx_hal_tim.o(i.HAL_TIM_IRQHandler)
    HAL_TIM_OC_DelayElapsedCallback          0x0800143d   Thumb Code     2  stm32f1xx_hal_tim.o(i.HAL_TIM_OC_DelayElapsedCallback)
    HAL_TIM_PWM_PulseFinishedCallback        0x0800143f   Thumb Code     2  stm32f1xx_hal_tim.o(i.HAL_TIM_PWM_PulseFinishedCallback)
    HAL_TIM_PeriodElapsedCallback            0x08001441   Thumb Code    14  main.o(i.HAL_TIM_PeriodElapsedCallback)
    HAL_TIM_TriggerCallback                  0x08001455   Thumb Code     2  stm32f1xx_hal_tim.o(i.HAL_TIM_TriggerCallback)
    HAL_UARTEx_RxEventCallback               0x08001457   Thumb Code     2  stm32f1xx_hal_uart.o(i.HAL_UARTEx_RxEventCallback)
    HAL_UART_DMAStop                         0x08001459   Thumb Code    88  stm32f1xx_hal_uart.o(i.HAL_UART_DMAStop)
    HAL_UART_ErrorCallback                   0x080014b1   Thumb Code     2  stm32f1xx_hal_uart.o(i.HAL_UART_ErrorCallback)
    HAL_UART_IRQHandler                      0x080014b5   Thumb Code   520  stm32f1xx_hal_uart.o(i.HAL_UART_IRQHandler)
    HAL_UART_Init                            0x080016c1   Thumb Code    98  stm32f1xx_hal_uart.o(i.HAL_UART_Init)
    HAL_UART_MspInit                         0x08001725   Thumb Code   280  usart.o(i.HAL_UART_MspInit)
    HAL_UART_Receive_DMA                     0x08001855   Thumb Code    42  stm32f1xx_hal_uart.o(i.HAL_UART_Receive_DMA)
    HAL_UART_RxCpltCallback                  0x0800187f   Thumb Code     2  stm32f1xx_hal_uart.o(i.HAL_UART_RxCpltCallback)
    HAL_UART_RxHalfCpltCallback              0x08001881   Thumb Code     2  stm32f1xx_hal_uart.o(i.HAL_UART_RxHalfCpltCallback)
    HAL_UART_Transmit                        0x08001885   Thumb Code   178  stm32f1xx_hal_uart.o(i.HAL_UART_Transmit)
    HAL_UART_TxCpltCallback                  0x08001937   Thumb Code     2  stm32f1xx_hal_uart.o(i.HAL_UART_TxCpltCallback)
    HardFault_Handler                        0x08001939   Thumb Code     2  stm32f1xx_it.o(i.HardFault_Handler)
    MQTTDeserialize_ack                      0x0800193b   Thumb Code    72  mqttdeserializepublish.o(i.MQTTDeserialize_ack)
    MQTTDeserialize_connack                  0x08001983   Thumb Code    92  mqttconnectclient.o(i.MQTTDeserialize_connack)
    MQTTDeserialize_publish                  0x080019df   Thumb Code   140  mqttdeserializepublish.o(i.MQTTDeserialize_publish)
    MQTTDeserialize_suback                   0x08001a6b   Thumb Code   124  mqttsubscribeclient.o(i.MQTTDeserialize_suback)
    MQTTDeserialize_unsuback                 0x08001ae7   Thumb Code    38  mqttunsubscribeclient.o(i.MQTTDeserialize_unsuback)
    MQTTPacket_decode                        0x08001b0d   Thumb Code    54  mqttpacket.o(i.MQTTPacket_decode)
    MQTTPacket_decodeBuf                     0x08001b45   Thumb Code    10  mqttpacket.o(i.MQTTPacket_decodeBuf)
    MQTTPacket_encode                        0x08001b59   Thumb Code    42  mqttpacket.o(i.MQTTPacket_encode)
    MQTTPacket_equals                        0x08001b83   Thumb Code    52  mqttpacket.o(i.MQTTPacket_equals)
    MQTTPacket_len                           0x08001bb9   Thumb Code    34  mqttpacket.o(i.MQTTPacket_len)
    MQTTSerialize_ack                        0x08001be1   Thumb Code    72  mqttserializepublish.o(i.MQTTSerialize_ack)
    MQTTSerialize_connect                    0x08001c29   Thumb Code   262  mqttconnectclient.o(i.MQTTSerialize_connect)
    MQTTSerialize_connectLength              0x08001d41   Thumb Code   118  mqttconnectclient.o(i.MQTTSerialize_connectLength)
    MQTTSerialize_pingreq                    0x08001db7   Thumb Code     6  mqttconnectclient.o(i.MQTTSerialize_pingreq)
    MQTTSerialize_publish                    0x08001dbd   Thumb Code   134  mqttserializepublish.o(i.MQTTSerialize_publish)
    MQTTSerialize_publishLength              0x08001e43   Thumb Code    30  mqttserializepublish.o(i.MQTTSerialize_publishLength)
    MQTTSerialize_subscribe                  0x08001e61   Thumb Code   140  mqttsubscribeclient.o(i.MQTTSerialize_subscribe)
    MQTTSerialize_subscribeLength            0x08001eed   Thumb Code    46  mqttsubscribeclient.o(i.MQTTSerialize_subscribeLength)
    MQTTSerialize_zero                       0x08001f1b   Thumb Code    50  mqttconnectclient.o(i.MQTTSerialize_zero)
    MQTT_Client_Task                         0x08001f4d   Thumb Code   198  wifi.o(i.MQTT_Client_Task)
    MQTTstrlen                               0x080020d1   Thumb Code    14  mqttpacket.o(i.MQTTstrlen)
    MX_DMA_Init                              0x080020e1   Thumb Code    56  dma.o(i.MX_DMA_Init)
    MX_FREERTOS_Init                         0x0800211d   Thumb Code    34  freertos.o(i.MX_FREERTOS_Init)
    MX_GPIO_Init                             0x08002149   Thumb Code   166  gpio.o(i.MX_GPIO_Init)
    MX_USART1_UART_Init                      0x08002201   Thumb Code    48  usart.o(i.MX_USART1_UART_Init)
    MX_USART2_UART_Init                      0x08002239   Thumb Code    48  usart.o(i.MX_USART2_UART_Init)
    MemManage_Handler                        0x08002271   Thumb Code     2  stm32f1xx_it.o(i.MemManage_Handler)
    NMI_Handler                              0x08002273   Thumb Code     2  stm32f1xx_it.o(i.NMI_Handler)
    RingBuff_Read                            0x08002275   Thumb Code    38  ringbuff.o(i.RingBuff_Read)
    RingBuff_Write                           0x0800229b   Thumb Code    26  ringbuff.o(i.RingBuff_Write)
    StartDefaultTask                         0x080022b5   Thumb Code     8  freertos.o(i.StartDefaultTask)
    SysTick_Handler                          0x080022bd   Thumb Code    38  port.o(i.SysTick_Handler)
    SystemClock_Config                       0x080022e9   Thumb Code    94  main.o(i.SystemClock_Config)
    SystemInit                               0x08002347   Thumb Code     2  system_stm32f1xx.o(i.SystemInit)
    TIM7_IRQHandler                          0x08002349   Thumb Code     6  stm32f1xx_it.o(i.TIM7_IRQHandler)
    TIM_Base_SetConfig                       0x08002355   Thumb Code   120  stm32f1xx_hal_tim.o(i.TIM_Base_SetConfig)
    TaskCreat                                0x080023e1   Thumb Code    40  app.o(i.TaskCreat)
    UART_Start_Receive_DMA                   0x080026a9   Thumb Code    98  stm32f1xx_hal_uart.o(i.UART_Start_Receive_DMA)
    USART1_IRQHandler                        0x0800277d   Thumb Code     6  stm32f1xx_it.o(i.USART1_IRQHandler)
    USART2_IRQHandler                        0x08002789   Thumb Code    72  stm32f1xx_it.o(i.USART2_IRQHandler)
    Uart_Init                                0x080027dd   Thumb Code    28  uart.o(i.Uart_Init)
    Uart_SendData                            0x08002801   Thumb Code    14  uart.o(i.Uart_SendData)
    UsageFault_Handler                       0x08002815   Thumb Code     2  stm32f1xx_it.o(i.UsageFault_Handler)
    __0printf$6                              0x08002819   Thumb Code    22  printf6.o(i.__0printf$6)
    __1printf$6                              0x08002819   Thumb Code     0  printf6.o(i.__0printf$6)
    __2printf                                0x08002819   Thumb Code     0  printf6.o(i.__0printf$6)
    __0sprintf$6                             0x08002839   Thumb Code    34  printf6.o(i.__0sprintf$6)
    __1sprintf$6                             0x08002839   Thumb Code     0  printf6.o(i.__0sprintf$6)
    __2sprintf                               0x08002839   Thumb Code     0  printf6.o(i.__0sprintf$6)
    __scatterload_copy                       0x08002881   Thumb Code    14  handlers.o(i.__scatterload_copy)
    __scatterload_null                       0x0800288f   Thumb Code     2  handlers.o(i.__scatterload_null)
    __scatterload_zeroinit                   0x08002891   Thumb Code    14  handlers.o(i.__scatterload_zeroinit)
    bufchar                                  0x08002bf5   Thumb Code    30  mqttpacket.o(i.bufchar)
    fputc                                    0x08002cad   Thumb Code    18  app.o(i.fputc)
    main                                     0x08002cc5   Thumb Code    38  main.o(i.main)
    mqtt_connect                             0x08002fb9   Thumb Code     4  mqttclient.o(i.mqtt_connect)
    mqtt_keep_alive                          0x08003449   Thumb Code   128  mqttclient.o(i.mqtt_keep_alive)
    mqtt_lease                               0x08003519   Thumb Code    34  mqttclient.o(i.mqtt_lease)
    mqtt_list_add_tail                       0x0800353b   Thumb Code    10  mqtt_list.o(i.mqtt_list_add_tail)
    mqtt_list_del                            0x08003545   Thumb Code     8  mqtt_list.o(i.mqtt_list_del)
    mqtt_list_del_init                       0x0800354d   Thumb Code    14  mqtt_list.o(i.mqtt_list_del_init)
    mqtt_list_init                           0x0800355b   Thumb Code     6  mqtt_list.o(i.mqtt_list_init)
    mqtt_list_is_empty                       0x08003561   Thumb Code    14  mqtt_list.o(i.mqtt_list_is_empty)
    mqtt_publish                             0x08003721   Thumb Code   318  mqttclient.o(i.mqtt_publish)
    mqtt_set_clean_session                   0x08003cbd   Thumb Code    42  mqttclient.o(i.mqtt_set_clean_session)
    mqtt_set_client_id                       0x08003d39   Thumb Code    34  mqttclient.o(i.mqtt_set_client_id)
    mqtt_set_host                            0x08003dc9   Thumb Code    34  mqttclient.o(i.mqtt_set_host)
    mqtt_set_password                        0x08003e3d   Thumb Code    34  mqttclient.o(i.mqtt_set_password)
    mqtt_set_port                            0x08003eb1   Thumb Code    34  mqttclient.o(i.mqtt_set_port)
    mqtt_set_user_name                       0x08003f25   Thumb Code    34  mqttclient.o(i.mqtt_set_user_name)
    mqtt_sleep_ms                            0x08003f99   Thumb Code    10  mqttclient.o(i.mqtt_sleep_ms)
    mqtt_subscribe                           0x08004035   Thumb Code   160  mqttclient.o(i.mqtt_subscribe)
    nettype_tcp_connect                      0x080044fd   Thumb Code    24  nettype_tcp.o(i.nettype_tcp_connect)
    nettype_tcp_disconnect                   0x08004515   Thumb Code    20  nettype_tcp.o(i.nettype_tcp_disconnect)
    nettype_tcp_read                         0x08004529   Thumb Code     6  nettype_tcp.o(i.nettype_tcp_read)
    nettype_tcp_write                        0x0800452f   Thumb Code     6  nettype_tcp.o(i.nettype_tcp_write)
    network_connect                          0x08004535   Thumb Code     4  network.o(i.network_connect)
    network_disconnect                       0x08004539   Thumb Code     4  network.o(i.network_disconnect)
    network_init                             0x0800453d   Thumb Code    20  network.o(i.network_init)
    network_read                             0x08004551   Thumb Code     4  network.o(i.network_read)
    network_release                          0x08004555   Thumb Code    26  network.o(i.network_release)
    network_write                            0x0800456f   Thumb Code     4  network.o(i.network_write)
    osDelay                                  0x08004573   Thumb Code    14  cmsis_os.o(i.osDelay)
    osKernelStart                            0x08004581   Thumb Code    10  cmsis_os.o(i.osKernelStart)
    osThreadCreate                           0x0800458b   Thumb Code    84  cmsis_os.o(i.osThreadCreate)
    platform_memory_alloc                    0x080045df   Thumb Code    22  platform_memory.o(i.platform_memory_alloc)
    platform_memory_free                     0x080045f5   Thumb Code     4  platform_memory.o(i.platform_memory_free)
    platform_mutex_init                      0x080045f9   Thumb Code    16  platform_mutex.o(i.platform_mutex_init)
    platform_mutex_lock                      0x08004609   Thumb Code    10  platform_mutex.o(i.platform_mutex_lock)
    platform_mutex_unlock                    0x08004613   Thumb Code    12  platform_mutex.o(i.platform_mutex_unlock)
    platform_net_socket_close                0x08004621   Thumb Code    12  platform_net_socket.o(i.platform_net_socket_close)
    platform_net_socket_connect              0x08004645   Thumb Code   128  platform_net_socket.o(i.platform_net_socket_connect)
    platform_net_socket_recv_timeout         0x080047a1   Thumb Code    40  platform_net_socket.o(i.platform_net_socket_recv_timeout)
    platform_net_socket_write_timeout        0x080047c9   Thumb Code    72  platform_net_socket.o(i.platform_net_socket_write_timeout)
    platform_thread_destroy                  0x0800484d   Thumb Code    22  platform_thread.o(i.platform_thread_destroy)
    platform_thread_init                     0x08004863   Thumb Code    56  platform_thread.o(i.platform_thread_init)
    platform_thread_start                    0x0800489b   Thumb Code     6  platform_thread.o(i.platform_thread_start)
    platform_thread_startup                  0x080048a1   Thumb Code     2  platform_thread.o(i.platform_thread_startup)
    platform_thread_stop                     0x080048a3   Thumb Code     6  platform_thread.o(i.platform_thread_stop)
    platform_timer_cutdown                   0x080048a9   Thumb Code    16  platform_timer.o(i.platform_timer_cutdown)
    platform_timer_init                      0x080048b9   Thumb Code     6  platform_timer.o(i.platform_timer_init)
    platform_timer_is_expired                0x080048bf   Thumb Code    22  platform_timer.o(i.platform_timer_is_expired)
    platform_timer_now                       0x080048d5   Thumb Code     4  platform_timer.o(i.platform_timer_now)
    platform_timer_remain                    0x080048d9   Thumb Code    22  platform_timer.o(i.platform_timer_remain)
    platform_timer_usleep                    0x080048ef   Thumb Code     4  platform_timer.o(i.platform_timer_usleep)
    pvPortMalloc                             0x08004d75   Thumb Code   210  heap_4.o(i.pvPortMalloc)
    pvTaskIncrementMutexHeldCount            0x08004e4d   Thumb Code    18  tasks.o(i.pvTaskIncrementMutexHeldCount)
    pxPortInitialiseStack                    0x08004e65   Thumb Code    32  port.o(i.pxPortInitialiseStack)
    random_number                            0x08004e89   Thumb Code    42  random.o(i.random_number)
    random_string                            0x08004eb9   Thumb Code   180  random.o(i.random_string)
    readChar                                 0x08004f71   Thumb Code    12  mqttpacket.o(i.readChar)
    readInt                                  0x08004f7d   Thumb Code    18  mqttpacket.o(i.readInt)
    readMQTTLenString                        0x08004f8f   Thumb Code    52  mqttpacket.o(i.readMQTTLenString)
    uxListRemove                             0x08005045   Thumb Code    38  list.o(i.uxListRemove)
    vApplicationGetIdleTaskMemory            0x0800506d   Thumb Code    16  freertos.o(i.vApplicationGetIdleTaskMemory)
    vListInitialise                          0x08005081   Thumb Code    22  list.o(i.vListInitialise)
    vListInitialiseItem                      0x08005097   Thumb Code     6  list.o(i.vListInitialiseItem)
    vListInsert                              0x0800509d   Thumb Code    48  list.o(i.vListInsert)
    vListInsertEnd                           0x080050cd   Thumb Code    24  list.o(i.vListInsertEnd)
    vPortEnterCritical                       0x080050e5   Thumb Code    54  port.o(i.vPortEnterCritical)
    vPortExitCritical                        0x08005125   Thumb Code    34  port.o(i.vPortExitCritical)
    vPortFree                                0x0800514d   Thumb Code    88  heap_4.o(i.vPortFree)
    vPortSetupTimerInterrupt                 0x080051a9   Thumb Code    32  port.o(i.vPortSetupTimerInterrupt)
    vTaskDelay                               0x080051cd   Thumb Code    66  tasks.o(i.vTaskDelay)
    vTaskDelete                              0x08005219   Thumb Code   130  tasks.o(i.vTaskDelete)
    vTaskInternalSetTimeOutState             0x080052a9   Thumb Code    12  tasks.o(i.vTaskInternalSetTimeOutState)
    vTaskMissedYield                         0x080052b9   Thumb Code     8  tasks.o(i.vTaskMissedYield)
    vTaskPlaceOnEventList                    0x080052c5   Thumb Code    44  tasks.o(i.vTaskPlaceOnEventList)
    vTaskPriorityDisinheritAfterTimeout      0x080052f5   Thumb Code   134  tasks.o(i.vTaskPriorityDisinheritAfterTimeout)
    vTaskResume                              0x08005385   Thumb Code   110  tasks.o(i.vTaskResume)
    vTaskStartScheduler                      0x08005401   Thumb Code    90  tasks.o(i.vTaskStartScheduler)
    vTaskSuspend                             0x0800546d   Thumb Code   144  tasks.o(i.vTaskSuspend)
    vTaskSuspendAll                          0x08005509   Thumb Code    10  tasks.o(i.vTaskSuspendAll)
    vTaskSwitchContext                       0x08005519   Thumb Code    90  tasks.o(i.vTaskSwitchContext)
    writeCString                             0x0800557d   Thumb Code    40  mqttpacket.o(i.writeCString)
    writeChar                                0x080055a5   Thumb Code    12  mqttpacket.o(i.writeChar)
    writeInt                                 0x080055b1   Thumb Code    30  mqttpacket.o(i.writeInt)
    writeMQTTString                          0x080055cf   Thumb Code    54  mqttpacket.o(i.writeMQTTString)
    xPortStartScheduler                      0x08005605   Thumb Code   154  port.o(i.xPortStartScheduler)
    xQueueCreateMutex                        0x080056ad   Thumb Code    22  queue.o(i.xQueueCreateMutex)
    xQueueGenericCreate                      0x080056c3   Thumb Code    72  queue.o(i.xQueueGenericCreate)
    xQueueGenericReset                       0x0800570d   Thumb Code   132  queue.o(i.xQueueGenericReset)
    xQueueGenericSend                        0x08005795   Thumb Code   346  queue.o(i.xQueueGenericSend)
    xQueueSemaphoreTake                      0x080058f5   Thumb Code   372  queue.o(i.xQueueSemaphoreTake)
    xTaskCheckForTimeOut                     0x08005a6d   Thumb Code   112  tasks.o(i.xTaskCheckForTimeOut)
    xTaskCreate                              0x08005ae1   Thumb Code    90  tasks.o(i.xTaskCreate)
    xTaskCreateStatic                        0x08005b3b   Thumb Code    86  tasks.o(i.xTaskCreateStatic)
    xTaskGetSchedulerState                   0x08005b91   Thumb Code    22  tasks.o(i.xTaskGetSchedulerState)
    xTaskGetTickCount                        0x08005bad   Thumb Code     6  tasks.o(i.xTaskGetTickCount)
    xTaskIncrementTick                       0x08005bb9   Thumb Code   190  tasks.o(i.xTaskIncrementTick)
    xTaskPriorityDisinherit                  0x08005c81   Thumb Code   118  tasks.o(i.xTaskPriorityDisinherit)
    xTaskPriorityInherit                     0x08005d01   Thumb Code   112  tasks.o(i.xTaskPriorityInherit)
    xTaskRemoveFromEventList                 0x08005d79   Thumb Code   100  tasks.o(i.xTaskRemoveFromEventList)
    xTaskResumeAll                           0x08005de5   Thumb Code   182  tasks.o(i.xTaskResumeAll)
    AHBPrescTable                            0x08005ec4   Data          16  system_stm32f1xx.o(.constdata)
    APBPrescTable                            0x08005ed4   Data           8  system_stm32f1xx.o(.constdata)
    Region$$Table$$Base                      0x080062b0   Number         0  anon$$obj.o(Region$$Table)
    Region$$Table$$Limit                     0x080062d0   Number         0  anon$$obj.o(Region$$Table)
    defaultTaskHandle                        0x20000000   Data           4  freertos.o(.data)
    uwTickFreq                               0x20000004   Data           1  stm32f1xx_hal.o(.data)
    uwTickPrio                               0x20000008   Data           4  stm32f1xx_hal.o(.data)
    uwTick                                   0x2000000c   Data           4  stm32f1xx_hal.o(.data)
    SystemCoreClock                          0x20000010   Data           4  system_stm32f1xx.o(.data)
    pxCurrentTCB                             0x20000014   Data           4  tasks.o(.data)
    usartRxStatus                            0x2000007c   Data           2  uart.o(.data)
    sendSemBinary                            0x20000080   Data           4  wifi.o(.data)
    rxSemBinary                              0x20000084   Data           4  wifi.o(.data)
    __stdout                                 0x2000008c   Data           4  stdout.o(.data)
    huart1                                   0x200002e4   Data          68  usart.o(.bss)
    huart2                                   0x20000328   Data          68  usart.o(.bss)
    hdma_usart2_rx                           0x2000036c   Data          68  usart.o(.bss)
    hdma_usart2_tx                           0x200003b0   Data          68  usart.o(.bss)
    htim7                                    0x200003f4   Data          72  stm32f1xx_hal_timebase_tim.o(.bss)
    usartRxBuf                               0x2000452c   Data        1024  uart.o(.bss)
    RecBuff                                  0x2000492c   Data        1032  wifi.o(.bss)
    ReplyBuf                                 0x20004d34   Data        1024  wifi.o(.bss)
    __initial_sp                             0x20005538   Data           0  startup_stm32f103xe.o(STACK)



==============================================================================

Memory Map of the image

  Image Entry point : 0x08000131

  Load Region LR_IROM1 (Base: 0x08000000, Size: 0x00006360, Max: 0x00080000, ABSOLUTE)

    Execution Region ER_IROM1 (Exec base: 0x08000000, Load base: 0x08000000, Size: 0x000062d0, Max: 0x00080000, ABSOLUTE)

    Exec Addr    Load Addr    Size         Type   Attr      Idx    E Section Name        Object

    0x08000000   0x08000000   0x00000130   Data   RO            3    RESET               startup_stm32f103xe.o
    0x08000130   0x08000130   0x00000000   Code   RO         5576  * .ARM.Collect$$$$00000000  mc_w.l(entry.o)
    0x08000130   0x08000130   0x00000004   Code   RO         5861    .ARM.Collect$$$$00000001  mc_w.l(entry2.o)
    0x08000134   0x08000134   0x00000004   Code   RO         5864    .ARM.Collect$$$$00000004  mc_w.l(entry5.o)
    0x08000138   0x08000138   0x00000000   Code   RO         5866    .ARM.Collect$$$$00000008  mc_w.l(entry7b.o)
    0x08000138   0x08000138   0x00000000   Code   RO         5868    .ARM.Collect$$$$0000000A  mc_w.l(entry8b.o)
    0x08000138   0x08000138   0x00000008   Code   RO         5869    .ARM.Collect$$$$0000000B  mc_w.l(entry9a.o)
    0x08000140   0x08000140   0x00000004   Code   RO         5876    .ARM.Collect$$$$0000000E  mc_w.l(entry12b.o)
    0x08000144   0x08000144   0x00000000   Code   RO         5871    .ARM.Collect$$$$0000000F  mc_w.l(entry10a.o)
    0x08000144   0x08000144   0x00000000   Code   RO         5873    .ARM.Collect$$$$00000011  mc_w.l(entry11a.o)
    0x08000144   0x08000144   0x00000004   Code   RO         5862    .ARM.Collect$$$$00002712  mc_w.l(entry2.o)
    0x08000148   0x08000148   0x00000096   Code   RO         4065    .emb_text           port.o
    0x080001de   0x080001de   0x00000002   PAD
    0x080001e0   0x080001e0   0x00000024   Code   RO            4    .text               startup_stm32f103xe.o
    0x08000204   0x08000204   0x00000024   Code   RO         5581    .text               mc_w.l(rand.o)
    0x08000228   0x08000228   0x00000024   Code   RO         5584    .text               mc_w.l(memcpya.o)
    0x0800024c   0x0800024c   0x00000024   Code   RO         5588    .text               mc_w.l(memseta.o)
    0x08000270   0x08000270   0x00000024   Code   RO         5590    .text               mc_w.l(strstr.o)
    0x08000294   0x08000294   0x0000000e   Code   RO         5592    .text               mc_w.l(strlen.o)
    0x080002a2   0x080002a2   0x0000001e   Code   RO         5596    .text               mc_w.l(strncmp.o)
    0x080002c0   0x080002c0   0x0000002c   Code   RO         5878    .text               mc_w.l(uidiv.o)
    0x080002ec   0x080002ec   0x00000024   Code   RO         5893    .text               mc_w.l(init.o)
    0x08000310   0x08000310   0x00000024   Code   RO         5488    i.AT_Init           wifi.o
    0x08000334   0x08000334   0x00000038   Code   RO         5489    i.AT_ReadData       wifi.o
    0x0800036c   0x0800036c   0x0000007c   Code   RO         5490    i.AT_Rx_Task        wifi.o
    0x080003e8   0x080003e8   0x00000054   Code   RO         5491    i.AT_SendCmd        wifi.o
    0x0800043c   0x0800043c   0x00000010   Code   RO         5492    i.AT_SendData       wifi.o
    0x0800044c   0x0800044c   0x0000000e   Code   RO         5384    i.Bsp_Init          app.o
    0x0800045a   0x0800045a   0x00000002   Code   RO          344    i.BusFault_Handler  stm32f1xx_it.o
    0x0800045c   0x0800045c   0x0000000c   Code   RO          345    i.DMA1_Channel6_IRQHandler  stm32f1xx_it.o
    0x08000468   0x08000468   0x0000000c   Code   RO          346    i.DMA1_Channel7_IRQHandler  stm32f1xx_it.o
    0x08000474   0x08000474   0x0000002a   Code   RO          913    i.DMA_SetConfig     stm32f1xx_hal_dma.o
    0x0800049e   0x0800049e   0x00000002   Code   RO          347    i.DebugMon_Handler  stm32f1xx_it.o
    0x080004a0   0x080004a0   0x00000004   Code   RO           13    i.Error_Handler     main.o
    0x080004a4   0x080004a4   0x00000046   Code   RO          914    i.HAL_DMA_Abort     stm32f1xx_hal_dma.o
    0x080004ea   0x080004ea   0x00000002   PAD
    0x080004ec   0x080004ec   0x00000130   Code   RO          915    i.HAL_DMA_Abort_IT  stm32f1xx_hal_dma.o
    0x0800061c   0x0800061c   0x00000248   Code   RO          919    i.HAL_DMA_IRQHandler  stm32f1xx_hal_dma.o
    0x08000864   0x08000864   0x0000007c   Code   RO          920    i.HAL_DMA_Init      stm32f1xx_hal_dma.o
    0x080008e0   0x080008e0   0x00000070   Code   RO          924    i.HAL_DMA_Start_IT  stm32f1xx_hal_dma.o
    0x08000950   0x08000950   0x000001f8   Code   RO          850    i.HAL_GPIO_Init     stm32f1xx_hal_gpio.o
    0x08000b48   0x08000b48   0x0000000a   Code   RO          854    i.HAL_GPIO_WritePin  stm32f1xx_hal_gpio.o
    0x08000b52   0x08000b52   0x00000002   PAD
    0x08000b54   0x08000b54   0x0000000c   Code   RO          546    i.HAL_GetTick       stm32f1xx_hal.o
    0x08000b60   0x08000b60   0x00000010   Code   RO          552    i.HAL_IncTick       stm32f1xx_hal.o
    0x08000b70   0x08000b70   0x00000024   Code   RO          553    i.HAL_Init          stm32f1xx_hal.o
    0x08000b94   0x08000b94   0x00000074   Code   RO          460    i.HAL_InitTick      stm32f1xx_hal_timebase_tim.o
    0x08000c08   0x08000c08   0x00000048   Code   RO          436    i.HAL_MspInit       stm32f1xx_hal_msp.o
    0x08000c50   0x08000c50   0x0000001a   Code   RO         1010    i.HAL_NVIC_EnableIRQ  stm32f1xx_hal_cortex.o
    0x08000c6a   0x08000c6a   0x00000002   PAD
    0x08000c6c   0x08000c6c   0x00000040   Code   RO         1016    i.HAL_NVIC_SetPriority  stm32f1xx_hal_cortex.o
    0x08000cac   0x08000cac   0x00000024   Code   RO         1017    i.HAL_NVIC_SetPriorityGrouping  stm32f1xx_hal_cortex.o
    0x08000cd0   0x08000cd0   0x0000012c   Code   RO          710    i.HAL_RCC_ClockConfig  stm32f1xx_hal_rcc.o
    0x08000dfc   0x08000dfc   0x00000040   Code   RO          714    i.HAL_RCC_GetClockConfig  stm32f1xx_hal_rcc.o
    0x08000e3c   0x08000e3c   0x00000020   Code   RO          717    i.HAL_RCC_GetPCLK1Freq  stm32f1xx_hal_rcc.o
    0x08000e5c   0x08000e5c   0x00000020   Code   RO          718    i.HAL_RCC_GetPCLK2Freq  stm32f1xx_hal_rcc.o
    0x08000e7c   0x08000e7c   0x0000006c   Code   RO          719    i.HAL_RCC_GetSysClockFreq  stm32f1xx_hal_rcc.o
    0x08000ee8   0x08000ee8   0x00000320   Code   RO          722    i.HAL_RCC_OscConfig  stm32f1xx_hal_rcc.o
    0x08001208   0x08001208   0x00000002   Code   RO         2216    i.HAL_TIMEx_BreakCallback  stm32f1xx_hal_tim_ex.o
    0x0800120a   0x0800120a   0x00000002   Code   RO         2217    i.HAL_TIMEx_CommutCallback  stm32f1xx_hal_tim_ex.o
    0x0800120c   0x0800120c   0x0000005a   Code   RO         1512    i.HAL_TIM_Base_Init  stm32f1xx_hal_tim.o
    0x08001266   0x08001266   0x00000002   Code   RO         1514    i.HAL_TIM_Base_MspInit  stm32f1xx_hal_tim.o
    0x08001268   0x08001268   0x0000006c   Code   RO         1517    i.HAL_TIM_Base_Start_IT  stm32f1xx_hal_tim.o
    0x080012d4   0x080012d4   0x00000002   Code   RO         1546    i.HAL_TIM_IC_CaptureCallback  stm32f1xx_hal_tim.o
    0x080012d6   0x080012d6   0x00000166   Code   RO         1560    i.HAL_TIM_IRQHandler  stm32f1xx_hal_tim.o
    0x0800143c   0x0800143c   0x00000002   Code   RO         1563    i.HAL_TIM_OC_DelayElapsedCallback  stm32f1xx_hal_tim.o
    0x0800143e   0x0800143e   0x00000002   Code   RO         1590    i.HAL_TIM_PWM_PulseFinishedCallback  stm32f1xx_hal_tim.o
    0x08001440   0x08001440   0x00000014   Code   RO           14    i.HAL_TIM_PeriodElapsedCallback  main.o
    0x08001454   0x08001454   0x00000002   Code   RO         1603    i.HAL_TIM_TriggerCallback  stm32f1xx_hal_tim.o
    0x08001456   0x08001456   0x00000002   Code   RO         2494    i.HAL_UARTEx_RxEventCallback  stm32f1xx_hal_uart.o
    0x08001458   0x08001458   0x00000058   Code   RO         2506    i.HAL_UART_DMAStop  stm32f1xx_hal_uart.o
    0x080014b0   0x080014b0   0x00000002   Code   RO         2508    i.HAL_UART_ErrorCallback  stm32f1xx_hal_uart.o
    0x080014b2   0x080014b2   0x00000002   PAD
    0x080014b4   0x080014b4   0x0000020c   Code   RO         2511    i.HAL_UART_IRQHandler  stm32f1xx_hal_uart.o
    0x080016c0   0x080016c0   0x00000062   Code   RO         2512    i.HAL_UART_Init     stm32f1xx_hal_uart.o
    0x08001722   0x08001722   0x00000002   PAD
    0x08001724   0x08001724   0x00000130   Code   RO          297    i.HAL_UART_MspInit  usart.o
    0x08001854   0x08001854   0x0000002a   Code   RO         2516    i.HAL_UART_Receive_DMA  stm32f1xx_hal_uart.o
    0x0800187e   0x0800187e   0x00000002   Code   RO         2518    i.HAL_UART_RxCpltCallback  stm32f1xx_hal_uart.o
    0x08001880   0x08001880   0x00000002   Code   RO         2519    i.HAL_UART_RxHalfCpltCallback  stm32f1xx_hal_uart.o
    0x08001882   0x08001882   0x00000002   PAD
    0x08001884   0x08001884   0x000000b2   Code   RO         2520    i.HAL_UART_Transmit  stm32f1xx_hal_uart.o
    0x08001936   0x08001936   0x00000002   Code   RO         2523    i.HAL_UART_TxCpltCallback  stm32f1xx_hal_uart.o
    0x08001938   0x08001938   0x00000002   Code   RO          348    i.HardFault_Handler  stm32f1xx_it.o
    0x0800193a   0x0800193a   0x00000048   Code   RO         4721    i.MQTTDeserialize_ack  mqttdeserializepublish.o
    0x08001982   0x08001982   0x0000005c   Code   RO         4647    i.MQTTDeserialize_connack  mqttconnectclient.o
    0x080019de   0x080019de   0x0000008c   Code   RO         4722    i.MQTTDeserialize_publish  mqttdeserializepublish.o
    0x08001a6a   0x08001a6a   0x0000007c   Code   RO         4963    i.MQTTDeserialize_suback  mqttsubscribeclient.o
    0x08001ae6   0x08001ae6   0x00000026   Code   RO         5013    i.MQTTDeserialize_unsuback  mqttunsubscribeclient.o
    0x08001b0c   0x08001b0c   0x00000036   Code   RO         4805    i.MQTTPacket_decode  mqttpacket.o
    0x08001b42   0x08001b42   0x00000002   PAD
    0x08001b44   0x08001b44   0x00000014   Code   RO         4806    i.MQTTPacket_decodeBuf  mqttpacket.o
    0x08001b58   0x08001b58   0x0000002a   Code   RO         4807    i.MQTTPacket_encode  mqttpacket.o
    0x08001b82   0x08001b82   0x00000034   Code   RO         4808    i.MQTTPacket_equals  mqttpacket.o
    0x08001bb6   0x08001bb6   0x00000002   PAD
    0x08001bb8   0x08001bb8   0x00000028   Code   RO         4809    i.MQTTPacket_len    mqttpacket.o
    0x08001be0   0x08001be0   0x00000048   Code   RO         4917    i.MQTTSerialize_ack  mqttserializepublish.o
    0x08001c28   0x08001c28   0x00000118   Code   RO         4648    i.MQTTSerialize_connect  mqttconnectclient.o
    0x08001d40   0x08001d40   0x00000076   Code   RO         4649    i.MQTTSerialize_connectLength  mqttconnectclient.o
    0x08001db6   0x08001db6   0x00000006   Code   RO         4651    i.MQTTSerialize_pingreq  mqttconnectclient.o
    0x08001dbc   0x08001dbc   0x00000086   Code   RO         4920    i.MQTTSerialize_publish  mqttserializepublish.o
    0x08001e42   0x08001e42   0x0000001e   Code   RO         4921    i.MQTTSerialize_publishLength  mqttserializepublish.o
    0x08001e60   0x08001e60   0x0000008c   Code   RO         4964    i.MQTTSerialize_subscribe  mqttsubscribeclient.o
    0x08001eec   0x08001eec   0x0000002e   Code   RO         4965    i.MQTTSerialize_subscribeLength  mqttsubscribeclient.o
    0x08001f1a   0x08001f1a   0x00000032   Code   RO         4652    i.MQTTSerialize_zero  mqttconnectclient.o
    0x08001f4c   0x08001f4c   0x00000184   Code   RO         5493    i.MQTT_Client_Task  wifi.o
    0x080020d0   0x080020d0   0x0000000e   Code   RO         4812    i.MQTTstrlen        mqttpacket.o
    0x080020de   0x080020de   0x00000002   PAD
    0x080020e0   0x080020e0   0x0000003c   Code   RO          272    i.MX_DMA_Init       dma.o
    0x0800211c   0x0800211c   0x0000002c   Code   RO          222    i.MX_FREERTOS_Init  freertos.o
    0x08002148   0x08002148   0x000000b8   Code   RO          198    i.MX_GPIO_Init      gpio.o
    0x08002200   0x08002200   0x00000038   Code   RO          298    i.MX_USART1_UART_Init  usart.o
    0x08002238   0x08002238   0x00000038   Code   RO          299    i.MX_USART2_UART_Init  usart.o
    0x08002270   0x08002270   0x00000002   Code   RO          349    i.MemManage_Handler  stm32f1xx_it.o
    0x08002272   0x08002272   0x00000002   Code   RO          350    i.NMI_Handler       stm32f1xx_it.o
    0x08002274   0x08002274   0x00000026   Code   RO         5422    i.RingBuff_Read     ringbuff.o
    0x0800229a   0x0800229a   0x0000001a   Code   RO         5423    i.RingBuff_Write    ringbuff.o
    0x080022b4   0x080022b4   0x00000008   Code   RO          223    i.StartDefaultTask  freertos.o
    0x080022bc   0x080022bc   0x0000002c   Code   RO         4066    i.SysTick_Handler   port.o
    0x080022e8   0x080022e8   0x0000005e   Code   RO           15    i.SystemClock_Config  main.o
    0x08002346   0x08002346   0x00000002   Code   RO         2841    i.SystemInit        system_stm32f1xx.o
    0x08002348   0x08002348   0x0000000c   Code   RO          351    i.TIM7_IRQHandler   stm32f1xx_it.o
    0x08002354   0x08002354   0x0000008c   Code   RO         1605    i.TIM_Base_SetConfig  stm32f1xx_hal_tim.o
    0x080023e0   0x080023e0   0x00000048   Code   RO         5385    i.TaskCreat         app.o
    0x08002428   0x08002428   0x00000010   Code   RO         2525    i.UART_DMAAbortOnError  stm32f1xx_hal_uart.o
    0x08002438   0x08002438   0x0000004a   Code   RO         2526    i.UART_DMAError     stm32f1xx_hal_uart.o
    0x08002482   0x08002482   0x0000005a   Code   RO         2527    i.UART_DMAReceiveCplt  stm32f1xx_hal_uart.o
    0x080024dc   0x080024dc   0x0000001a   Code   RO         2529    i.UART_DMARxHalfCplt  stm32f1xx_hal_uart.o
    0x080024f6   0x080024f6   0x00000030   Code   RO         2535    i.UART_EndRxTransfer  stm32f1xx_hal_uart.o
    0x08002526   0x08002526   0x00000012   Code   RO         2536    i.UART_EndTxTransfer  stm32f1xx_hal_uart.o
    0x08002538   0x08002538   0x000000b6   Code   RO         2537    i.UART_Receive_IT   stm32f1xx_hal_uart.o
    0x080025ee   0x080025ee   0x00000002   PAD
    0x080025f0   0x080025f0   0x000000b8   Code   RO         2538    i.UART_SetConfig    stm32f1xx_hal_uart.o
    0x080026a8   0x080026a8   0x00000070   Code   RO         2539    i.UART_Start_Receive_DMA  stm32f1xx_hal_uart.o
    0x08002718   0x08002718   0x00000064   Code   RO         2541    i.UART_WaitOnFlagUntilTimeout  stm32f1xx_hal_uart.o
    0x0800277c   0x0800277c   0x0000000c   Code   RO          352    i.USART1_IRQHandler  stm32f1xx_it.o
    0x08002788   0x08002788   0x00000054   Code   RO          353    i.USART2_IRQHandler  stm32f1xx_it.o
    0x080027dc   0x080027dc   0x00000024   Code   RO         5451    i.Uart_Init         uart.o
    0x08002800   0x08002800   0x00000014   Code   RO         5452    i.Uart_SendData     uart.o
    0x08002814   0x08002814   0x00000002   Code   RO          354    i.UsageFault_Handler  stm32f1xx_it.o
    0x08002816   0x08002816   0x00000002   PAD
    0x08002818   0x08002818   0x00000020   Code   RO         5755    i.__0printf$6       mc_w.l(printf6.o)
    0x08002838   0x08002838   0x00000028   Code   RO         5757    i.__0sprintf$6      mc_w.l(printf6.o)
    0x08002860   0x08002860   0x00000020   Code   RO         1023    i.__NVIC_SetPriority  stm32f1xx_hal_cortex.o
    0x08002880   0x08002880   0x0000000e   Code   RO         5903    i.__scatterload_copy  mc_w.l(handlers.o)
    0x0800288e   0x0800288e   0x00000002   Code   RO         5904    i.__scatterload_null  mc_w.l(handlers.o)
    0x08002890   0x08002890   0x0000000e   Code   RO         5905    i.__scatterload_zeroinit  mc_w.l(handlers.o)
    0x0800289e   0x0800289e   0x0000000a   Code   RO         4142    i._mqtt_list_add    mqtt_list.o
    0x080028a8   0x080028a8   0x000002f0   Code   RO         5762    i._printf_core      mc_w.l(printf6.o)
    0x08002b98   0x08002b98   0x00000024   Code   RO         5763    i._printf_post_padding  mc_w.l(printf6.o)
    0x08002bbc   0x08002bbc   0x0000002e   Code   RO         5764    i._printf_pre_padding  mc_w.l(printf6.o)
    0x08002bea   0x08002bea   0x0000000a   Code   RO         5766    i._sputc            mc_w.l(printf6.o)
    0x08002bf4   0x08002bf4   0x00000024   Code   RO         4813    i.bufchar           mqttpacket.o
    0x08002c18   0x08002c18   0x00000084   Code   RO         4246    i.default_msg_handler  mqttclient.o
    0x08002c9c   0x08002c9c   0x0000000e   Code   RO         4202    i.do_random         random.o
    0x08002caa   0x08002caa   0x00000002   PAD
    0x08002cac   0x08002cac   0x00000018   Code   RO         5386    i.fputc             app.o
    0x08002cc4   0x08002cc4   0x00000026   Code   RO           16    i.main              main.o
    0x08002cea   0x08002cea   0x0000000c   Code   RO         3637    i.makeFreeRtosPriority  cmsis_os.o
    0x08002cf6   0x08002cf6   0x00000016   Code   RO         4247    i.mqtt_ack_handler_destroy  mqttclient.o
    0x08002d0c   0x08002d0c   0x000000c0   Code   RO         4248    i.mqtt_ack_handler_resend  mqttclient.o
    0x08002dcc   0x08002dcc   0x000000a8   Code   RO         4249    i.mqtt_ack_list_record  mqttclient.o
    0x08002e74   0x08002e74   0x0000007a   Code   RO         4250    i.mqtt_ack_list_scan  mqttclient.o
    0x08002eee   0x08002eee   0x0000004a   Code   RO         4251    i.mqtt_ack_list_unrecord  mqttclient.o
    0x08002f38   0x08002f38   0x00000080   Code   RO         4252    i.mqtt_clean_session  mqttclient.o
    0x08002fb8   0x08002fb8   0x00000004   Code   RO         4253    i.mqtt_connect      mqttclient.o
    0x08002fbc   0x08002fbc   0x00000258   Code   RO         4254    i.mqtt_connect_with_results  mqttclient.o
    0x08003214   0x08003214   0x0000005c   Code   RO         4255    i.mqtt_deliver_message  mqttclient.o
    0x08003270   0x08003270   0x0000008e   Code   RO         4257    i.mqtt_get_msg_handler  mqttclient.o
    0x080032fe   0x080032fe   0x00000028   Code   RO         4258    i.mqtt_get_next_packet_id  mqttclient.o
    0x08003326   0x08003326   0x00000002   PAD
    0x08003328   0x08003328   0x00000104   Code   RO         4259    i.mqtt_init         mqttclient.o
    0x0800342c   0x0800342c   0x0000001c   Code   RO         4260    i.mqtt_is_connected  mqttclient.o
    0x08003448   0x08003448   0x000000d0   Code   RO         4261    i.mqtt_keep_alive   mqttclient.o
    0x08003518   0x08003518   0x00000022   Code   RO         4262    i.mqtt_lease        mqttclient.o
    0x0800353a   0x0800353a   0x0000000a   Code   RO         4144    i.mqtt_list_add_tail  mqtt_list.o
    0x08003544   0x08003544   0x00000008   Code   RO         4145    i.mqtt_list_del     mqtt_list.o
    0x0800354c   0x0800354c   0x0000000e   Code   RO         4146    i.mqtt_list_del_init  mqtt_list.o
    0x0800355a   0x0800355a   0x00000006   Code   RO         4147    i.mqtt_list_init    mqtt_list.o
    0x08003560   0x08003560   0x0000000e   Code   RO         4148    i.mqtt_list_is_empty  mqtt_list.o
    0x0800356e   0x0800356e   0x00000016   Code   RO         4264    i.mqtt_msg_handler_destory  mqttclient.o
    0x08003584   0x08003584   0x00000080   Code   RO         4265    i.mqtt_msg_handler_is_exist  mqttclient.o
    0x08003604   0x08003604   0x0000001e   Code   RO         4266    i.mqtt_new_message_data  mqttclient.o
    0x08003622   0x08003622   0x00000002   PAD
    0x08003624   0x08003624   0x000000fc   Code   RO         4267    i.mqtt_packet_handle  mqttclient.o
    0x08003720   0x08003720   0x000001ec   Code   RO         4268    i.mqtt_publish      mqttclient.o
    0x0800390c   0x0800390c   0x00000078   Code   RO         4269    i.mqtt_publish_ack_packet  mqttclient.o
    0x08003984   0x08003984   0x000000e2   Code   RO         4270    i.mqtt_publish_packet_handle  mqttclient.o
    0x08003a66   0x08003a66   0x00000002   PAD
    0x08003a68   0x08003a68   0x000000e0   Code   RO         4271    i.mqtt_read_buf_malloc  mqttclient.o
    0x08003b48   0x08003b48   0x00000114   Code   RO         4272    i.mqtt_read_packet  mqttclient.o
    0x08003c5c   0x08003c5c   0x0000005e   Code   RO         4274    i.mqtt_send_packet  mqttclient.o
    0x08003cba   0x08003cba   0x00000002   PAD
    0x08003cbc   0x08003cbc   0x0000007c   Code   RO         4276    i.mqtt_set_clean_session  mqttclient.o
    0x08003d38   0x08003d38   0x00000074   Code   RO         4277    i.mqtt_set_client_id  mqttclient.o
    0x08003dac   0x08003dac   0x0000001c   Code   RO         4278    i.mqtt_set_client_state  mqttclient.o
    0x08003dc8   0x08003dc8   0x00000074   Code   RO         4280    i.mqtt_set_host     mqttclient.o
    0x08003e3c   0x08003e3c   0x00000074   Code   RO         4283    i.mqtt_set_password  mqttclient.o
    0x08003eb0   0x08003eb0   0x00000074   Code   RO         4284    i.mqtt_set_port     mqttclient.o
    0x08003f24   0x08003f24   0x00000074   Code   RO         4289    i.mqtt_set_user_name  mqttclient.o
    0x08003f98   0x08003f98   0x0000000a   Code   RO         4294    i.mqtt_sleep_ms     mqttclient.o
    0x08003fa2   0x08003fa2   0x00000092   Code   RO         4295    i.mqtt_suback_packet_handle  mqttclient.o
    0x08004034   0x08004034   0x000000a4   Code   RO         4296    i.mqtt_subscribe    mqttclient.o
    0x080040d8   0x080040d8   0x00000024   Code   RO         4297    i.mqtt_subtract_ack_handler_num  mqttclient.o
    0x080040fc   0x080040fc   0x0000002e   Code   RO         4298    i.mqtt_try_do_reconnect  mqttclient.o
    0x0800412a   0x0800412a   0x00000002   PAD
    0x0800412c   0x0800412c   0x000000f4   Code   RO         4299    i.mqtt_try_resubscribe  mqttclient.o
    0x08004220   0x08004220   0x000000e4   Code   RO         4301    i.mqtt_write_buf_malloc  mqttclient.o
    0x08004304   0x08004304   0x000000bc   Code   RO         4302    i.mqtt_yield        mqttclient.o
    0x080043c0   0x080043c0   0x0000013c   Code   RO         4303    i.mqtt_yield_thread  mqttclient.o
    0x080044fc   0x080044fc   0x00000018   Code   RO         5063    i.nettype_tcp_connect  nettype_tcp.o
    0x08004514   0x08004514   0x00000014   Code   RO         5064    i.nettype_tcp_disconnect  nettype_tcp.o
    0x08004528   0x08004528   0x00000006   Code   RO         5065    i.nettype_tcp_read  nettype_tcp.o
    0x0800452e   0x0800452e   0x00000006   Code   RO         5066    i.nettype_tcp_write  nettype_tcp.o
    0x08004534   0x08004534   0x00000004   Code   RO         5128    i.network_connect   network.o
    0x08004538   0x08004538   0x00000004   Code   RO         5129    i.network_disconnect  network.o
    0x0800453c   0x0800453c   0x00000014   Code   RO         5130    i.network_init      network.o
    0x08004550   0x08004550   0x00000004   Code   RO         5131    i.network_read      network.o
    0x08004554   0x08004554   0x0000001a   Code   RO         5132    i.network_release   network.o
    0x0800456e   0x0800456e   0x00000004   Code   RO         5136    i.network_write     network.o
    0x08004572   0x08004572   0x0000000e   Code   RO         3639    i.osDelay           cmsis_os.o
    0x08004580   0x08004580   0x0000000a   Code   RO         3642    i.osKernelStart     cmsis_os.o
    0x0800458a   0x0800458a   0x00000054   Code   RO         3676    i.osThreadCreate    cmsis_os.o
    0x080045de   0x080045de   0x00000016   Code   RO         5198    i.platform_memory_alloc  platform_memory.o
    0x080045f4   0x080045f4   0x00000004   Code   RO         5200    i.platform_memory_free  platform_memory.o
    0x080045f8   0x080045f8   0x00000010   Code   RO         5227    i.platform_mutex_init  platform_mutex.o
    0x08004608   0x08004608   0x0000000a   Code   RO         5228    i.platform_mutex_lock  platform_mutex.o
    0x08004612   0x08004612   0x0000000c   Code   RO         5230    i.platform_mutex_unlock  platform_mutex.o
    0x0800461e   0x0800461e   0x00000002   PAD
    0x08004620   0x08004620   0x00000024   Code   RO         5262    i.platform_net_socket_close  platform_net_socket.o
    0x08004644   0x08004644   0x0000015c   Code   RO         5263    i.platform_net_socket_connect  platform_net_socket.o
    0x080047a0   0x080047a0   0x00000028   Code   RO         5264    i.platform_net_socket_recv_timeout  platform_net_socket.o
    0x080047c8   0x080047c8   0x00000084   Code   RO         5265    i.platform_net_socket_write_timeout  platform_net_socket.o
    0x0800484c   0x0800484c   0x00000016   Code   RO         5299    i.platform_thread_destroy  platform_thread.o
    0x08004862   0x08004862   0x00000038   Code   RO         5300    i.platform_thread_init  platform_thread.o
    0x0800489a   0x0800489a   0x00000006   Code   RO         5301    i.platform_thread_start  platform_thread.o
    0x080048a0   0x080048a0   0x00000002   Code   RO         5302    i.platform_thread_startup  platform_thread.o
    0x080048a2   0x080048a2   0x00000006   Code   RO         5303    i.platform_thread_stop  platform_thread.o
    0x080048a8   0x080048a8   0x00000010   Code   RO         5339    i.platform_timer_cutdown  platform_timer.o
    0x080048b8   0x080048b8   0x00000006   Code   RO         5340    i.platform_timer_init  platform_timer.o
    0x080048be   0x080048be   0x00000016   Code   RO         5341    i.platform_timer_is_expired  platform_timer.o
    0x080048d4   0x080048d4   0x00000004   Code   RO         5342    i.platform_timer_now  platform_timer.o
    0x080048d8   0x080048d8   0x00000016   Code   RO         5343    i.platform_timer_remain  platform_timer.o
    0x080048ee   0x080048ee   0x00000004   Code   RO         5344    i.platform_timer_usleep  platform_timer.o
    0x080048f2   0x080048f2   0x00000002   PAD
    0x080048f4   0x080048f4   0x0000005c   Code   RO         3334    i.prvAddCurrentTaskToDelayedList  tasks.o
    0x08004950   0x08004950   0x000000cc   Code   RO         3335    i.prvAddNewTaskToReadyList  tasks.o
    0x08004a1c   0x08004a1c   0x0000006c   Code   RO         3020    i.prvCopyDataToQueue  queue.o
    0x08004a88   0x08004a88   0x00000034   Code   RO         3336    i.prvDeleteTCB      tasks.o
    0x08004abc   0x08004abc   0x0000004c   Code   RO         4004    i.prvHeapInit       heap_4.o
    0x08004b08   0x08004b08   0x00000060   Code   RO         3337    i.prvIdleTask       tasks.o
    0x08004b68   0x08004b68   0x00000016   Code   RO         3021    i.prvInitialiseMutex  queue.o
    0x08004b7e   0x08004b7e   0x00000016   Code   RO         3022    i.prvInitialiseNewQueue  queue.o
    0x08004b94   0x08004b94   0x0000008e   Code   RO         3338    i.prvInitialiseNewTask  tasks.o
    0x08004c22   0x08004c22   0x00000002   PAD
    0x08004c24   0x08004c24   0x0000004c   Code   RO         4005    i.prvInsertBlockIntoFreeList  heap_4.o
    0x08004c70   0x08004c70   0x0000001c   Code   RO         3023    i.prvIsQueueEmpty   queue.o
    0x08004c8c   0x08004c8c   0x00000020   Code   RO         3339    i.prvResetNextTaskUnblockTime  tasks.o
    0x08004cac   0x08004cac   0x00000028   Code   RO         4067    i.prvTaskExitError  port.o
    0x08004cd4   0x08004cd4   0x00000034   Code   RO         3340    i.prvTaskIsTaskSuspended  tasks.o
    0x08004d08   0x08004d08   0x0000006a   Code   RO         3024    i.prvUnlockQueue    queue.o
    0x08004d72   0x08004d72   0x00000002   PAD
    0x08004d74   0x08004d74   0x000000d8   Code   RO         4006    i.pvPortMalloc      heap_4.o
    0x08004e4c   0x08004e4c   0x00000018   Code   RO         3341    i.pvTaskIncrementMutexHeldCount  tasks.o
    0x08004e64   0x08004e64   0x00000024   Code   RO         4068    i.pxPortInitialiseStack  port.o
    0x08004e88   0x08004e88   0x00000030   Code   RO         4203    i.random_number     random.o
    0x08004eb8   0x08004eb8   0x000000b8   Code   RO         4205    i.random_string     random.o
    0x08004f70   0x08004f70   0x0000000c   Code   RO         4815    i.readChar          mqttpacket.o
    0x08004f7c   0x08004f7c   0x00000012   Code   RO         4816    i.readInt           mqttpacket.o
    0x08004f8e   0x08004f8e   0x00000034   Code   RO         4817    i.readMQTTLenString  mqttpacket.o
    0x08004fc2   0x08004fc2   0x00000002   PAD
    0x08004fc4   0x08004fc4   0x00000080   Code   RO         5495    i.topic1_handler    wifi.o
    0x08005044   0x08005044   0x00000026   Code   RO         2979    i.uxListRemove      list.o
    0x0800506a   0x0800506a   0x00000002   PAD
    0x0800506c   0x0800506c   0x00000014   Code   RO          224    i.vApplicationGetIdleTaskMemory  freertos.o
    0x08005080   0x08005080   0x00000016   Code   RO         2980    i.vListInitialise   list.o
    0x08005096   0x08005096   0x00000006   Code   RO         2981    i.vListInitialiseItem  list.o
    0x0800509c   0x0800509c   0x00000030   Code   RO         2982    i.vListInsert       list.o
    0x080050cc   0x080050cc   0x00000018   Code   RO         2983    i.vListInsertEnd    list.o
    0x080050e4   0x080050e4   0x00000040   Code   RO         4070    i.vPortEnterCritical  port.o
    0x08005124   0x08005124   0x00000028   Code   RO         4071    i.vPortExitCritical  port.o
    0x0800514c   0x0800514c   0x0000005c   Code   RO         4007    i.vPortFree         heap_4.o
    0x080051a8   0x080051a8   0x00000024   Code   RO         4072    i.vPortSetupTimerInterrupt  port.o
    0x080051cc   0x080051cc   0x0000004c   Code   RO         3347    i.vTaskDelay        tasks.o
    0x08005218   0x08005218   0x00000090   Code   RO         3348    i.vTaskDelete       tasks.o
    0x080052a8   0x080052a8   0x00000010   Code   RO         3350    i.vTaskInternalSetTimeOutState  tasks.o
    0x080052b8   0x080052b8   0x0000000c   Code   RO         3351    i.vTaskMissedYield  tasks.o
    0x080052c4   0x080052c4   0x00000030   Code   RO         3353    i.vTaskPlaceOnEventList  tasks.o
    0x080052f4   0x080052f4   0x00000090   Code   RO         3355    i.vTaskPriorityDisinheritAfterTimeout  tasks.o
    0x08005384   0x08005384   0x0000007c   Code   RO         3358    i.vTaskResume       tasks.o
    0x08005400   0x08005400   0x0000006c   Code   RO         3360    i.vTaskStartScheduler  tasks.o
    0x0800546c   0x0800546c   0x0000009c   Code   RO         3361    i.vTaskSuspend      tasks.o
    0x08005508   0x08005508   0x00000010   Code   RO         3362    i.vTaskSuspendAll   tasks.o
    0x08005518   0x08005518   0x00000064   Code   RO         3363    i.vTaskSwitchContext  tasks.o
    0x0800557c   0x0800557c   0x00000028   Code   RO         4818    i.writeCString      mqttpacket.o
    0x080055a4   0x080055a4   0x0000000c   Code   RO         4819    i.writeChar         mqttpacket.o
    0x080055b0   0x080055b0   0x0000001e   Code   RO         4820    i.writeInt          mqttpacket.o
    0x080055ce   0x080055ce   0x00000036   Code   RO         4821    i.writeMQTTString   mqttpacket.o
    0x08005604   0x08005604   0x000000a8   Code   RO         4074    i.xPortStartScheduler  port.o
    0x080056ac   0x080056ac   0x00000016   Code   RO         3031    i.xQueueCreateMutex  queue.o
    0x080056c2   0x080056c2   0x00000048   Code   RO         3033    i.xQueueGenericCreate  queue.o
    0x0800570a   0x0800570a   0x00000002   PAD
    0x0800570c   0x0800570c   0x00000088   Code   RO         3035    i.xQueueGenericReset  queue.o
    0x08005794   0x08005794   0x00000160   Code   RO         3036    i.xQueueGenericSend  queue.o
    0x080058f4   0x080058f4   0x00000178   Code   RO         3045    i.xQueueSemaphoreTake  queue.o
    0x08005a6c   0x08005a6c   0x00000074   Code   RO         3364    i.xTaskCheckForTimeOut  tasks.o
    0x08005ae0   0x08005ae0   0x0000005a   Code   RO         3365    i.xTaskCreate       tasks.o
    0x08005b3a   0x08005b3a   0x00000056   Code   RO         3366    i.xTaskCreateStatic  tasks.o
    0x08005b90   0x08005b90   0x0000001c   Code   RO         3370    i.xTaskGetSchedulerState  tasks.o
    0x08005bac   0x08005bac   0x0000000c   Code   RO         3371    i.xTaskGetTickCount  tasks.o
    0x08005bb8   0x08005bb8   0x000000c8   Code   RO         3373    i.xTaskIncrementTick  tasks.o
    0x08005c80   0x08005c80   0x00000080   Code   RO         3376    i.xTaskPriorityDisinherit  tasks.o
    0x08005d00   0x08005d00   0x00000078   Code   RO         3377    i.xTaskPriorityInherit  tasks.o
    0x08005d78   0x08005d78   0x0000006c   Code   RO         3378    i.xTaskRemoveFromEventList  tasks.o
    0x08005de4   0x08005de4   0x000000c4   Code   RO         3379    i.xTaskResumeAll    tasks.o
    0x08005ea8   0x08005ea8   0x0000001c   Data   RO          226    .constdata          freertos.o
    0x08005ec4   0x08005ec4   0x00000010   Data   RO         2842    .constdata          system_stm32f1xx.o
    0x08005ed4   0x08005ed4   0x00000008   Data   RO         2843    .constdata          system_stm32f1xx.o
    0x08005edc   0x08005edc   0x000002b8   Data   RO         4304    .constdata          mqttclient.o
    0x08006194   0x08006194   0x0000000f   Data   RO         5497    .constdata          wifi.o
    0x080061a3   0x080061a3   0x00000001   PAD
    0x080061a4   0x080061a4   0x0000000c   Data   RO          227    .conststring        freertos.o
    0x080061b0   0x080061b0   0x000000aa   Data   RO         4305    .conststring        mqttclient.o
    0x0800625a   0x0800625a   0x00000002   PAD
    0x0800625c   0x0800625c   0x00000054   Data   RO         5498    .conststring        wifi.o
    0x080062b0   0x080062b0   0x00000020   Data   RO         5901    Region$$Table       anon$$obj.o


    Execution Region RW_IRAM1 (Exec base: 0x20000000, Load base: 0x080062d0, Size: 0x00005538, Max: 0x00010000, ABSOLUTE)

    Exec Addr    Load Addr    Size         Type   Attr      Idx    E Section Name        Object

    0x20000000   0x080062d0   0x00000004   Data   RW          228    .data               freertos.o
    0x20000004   0x080062d4   0x0000000c   Data   RW          560    .data               stm32f1xx_hal.o
    0x20000010   0x080062e0   0x00000004   Data   RW         2844    .data               system_stm32f1xx.o
    0x20000014   0x080062e4   0x0000003c   Data   RW         3382    .data               tasks.o
    0x20000050   0x08006320   0x00000018   Data   RW         4012    .data               heap_4.o
    0x20000068   0x08006338   0x0000000c   Data   RW         4075    .data               port.o
    0x20000074   0x08006344   0x00000004   Data   RW         4206    .data               random.o
    0x20000078   0x08006348   0x00000004   Data   RW         4822    .data               mqttpacket.o
    0x2000007c   0x0800634c   0x00000002   Data   RW         5454    .data               uart.o
    0x2000007e   0x0800634e   0x00000002   PAD
    0x20000080   0x08006350   0x00000008   Data   RW         5500    .data               wifi.o
    0x20000088   0x08006358   0x00000004   Data   RW         5582    .data               mc_w.l(rand.o)
    0x2000008c   0x0800635c   0x00000004   Data   RW         5877    .data               mc_w.l(stdout.o)
    0x20000090        -       0x00000254   Zero   RW          225    .bss                freertos.o
    0x200002e4        -       0x00000110   Zero   RW          300    .bss                usart.o
    0x200003f4        -       0x00000048   Zero   RW          463    .bss                stm32f1xx_hal_timebase_tim.o
    0x2000043c        -       0x000000f0   Zero   RW         3381    .bss                tasks.o
    0x2000052c        -       0x00004000   Zero   RW         4011    .bss                heap_4.o
    0x2000452c        -       0x00000400   Zero   RW         5453    .bss                uart.o
    0x2000492c        -       0x00000808   Zero   RW         5496    .bss                wifi.o
    0x20005134   0x08006360   0x00000004   PAD
    0x20005138        -       0x00000400   Zero   RW            1    STACK               startup_stm32f103xe.o


==============================================================================

Image component sizes


      Code (inc. data)   RO Data    RW Data    ZI Data      Debug   Object Name

       110         38          0          0          0       3099   app.o
       120          0          0          0          0      21989   cmsis_os.o
        60          4          0          0          0        858   dma.o
         0          0          0          0          0      17732   event_groups.o
        72         14         40          4        596       2446   freertos.o
       184         18          0          0          0       1035   gpio.o
       460         24          0         24      16384       6887   heap_4.o
       138          0          0          0          0       3426   list.o
       156          6          0          0          0     518536   main.o
        62          0          0          0          0       4996   mqtt_list.o
      6220       1856        866          0          0      52678   mqttclient.o
       546         18          0          0          0       4449   mqttconnectclient.o
       212          0          0          0          0       2432   mqttdeserializepublish.o
       476         22          0          4          0       9452   mqttpacket.o
       236          0          0          0          0       3258   mqttserializepublish.o
       310          0          0          0          0       3435   mqttsubscribeclient.o
        38          0          0          0          0        735   mqttunsubscribeclient.o
        56          0          0          0          0       2802   nettype_tcp.o
        62          0          0          0          0       3943   network.o
        26          0          0          0          0       1131   platform_memory.o
        38          0          0          0          0       2108   platform_mutex.o
       556        304          0          0          0       3113   platform_net_socket.o
        92          0          0          0          0       3482   platform_thread.o
        74          0          0          0          0       4208   platform_timer.o
       578         60          0         12          0       9924   port.o
      1244         14          0          0          0      11561   queue.o
       246         10          0          4          0       3088   random.o
        64          0          0          0          0       1889   ringbuff.o
        36          8        304          0       1024        788   startup_stm32f103xe.o
        64         14          0         12          0       5282   stm32f1xx_hal.o
       158         14          0          0          0      28110   stm32f1xx_hal_cortex.o
      1236         52          0          0          0       5138   stm32f1xx_hal_dma.o
       514         42          0          0          0       2984   stm32f1xx_hal_gpio.o
        72         10          0          0          0        966   stm32f1xx_hal_msp.o
      1336        110          0          0          0       5833   stm32f1xx_hal_rcc.o
       706         40          0          0          0       7016   stm32f1xx_hal_tim.o
         4          0          0          0          0       1625   stm32f1xx_hal_tim_ex.o
       116         16          0          0         72       1499   stm32f1xx_hal_timebase_tim.o
      1790         24          0          0          0      14485   stm32f1xx_hal_uart.o
       144         36          0          0          0       5373   stm32f1xx_it.o
         0          0          0          0          0        384   stream_buffer.o
         2          0         24          4          0       1195   system_stm32f1xx.o
      2722        222          0         60        240      27502   tasks.o
        56         14          0          2       1024       1875   uart.o
       416         40          0          0        272       2593   usart.o
       832        310         99          8       2056      11111   wifi.o

    ----------------------------------------------------------------------
     22690       3340       1368        136      21672     828451   Object Totals
         0          0         32          0          0          0   (incl. Generated)
        50          0          3          2          4          0   (incl. Padding)

    ----------------------------------------------------------------------

      Code (inc. data)   RO Data    RW Data    ZI Data      Debug   Library Member Name

         0          0          0          0          0          0   entry.o
         0          0          0          0          0          0   entry10a.o
         0          0          0          0          0          0   entry11a.o
         4          0          0          0          0          0   entry12b.o
         8          4          0          0          0          0   entry2.o
         4          0          0          0          0          0   entry5.o
         0          0          0          0          0          0   entry7b.o
         0          0          0          0          0          0   entry8b.o
         8          4          0          0          0          0   entry9a.o
        30          0          0          0          0          0   handlers.o
        36          8          0          0          0         68   init.o
        36          0          0          0          0         68   memcpya.o
        36          0          0          0          0        108   memseta.o
       916         20          0          0          0        504   printf6.o
        36         10          0          4          0        136   rand.o
         0          0          0          4          0          0   stdout.o
        14          0          0          0          0         68   strlen.o
        30          0          0          0          0         80   strncmp.o
        36          0          0          0          0         80   strstr.o
        44          0          0          0          0         80   uidiv.o

    ----------------------------------------------------------------------
      1238         46          0          8          0       1192   Library Totals
         0          0          0          0          0          0   (incl. Padding)

    ----------------------------------------------------------------------

      Code (inc. data)   RO Data    RW Data    ZI Data      Debug   Library Name

      1238         46          0          8          0       1192   mc_w.l

    ----------------------------------------------------------------------
      1238         46          0          8          0       1192   Library Totals

    ----------------------------------------------------------------------

==============================================================================


      Code (inc. data)   RO Data    RW Data    ZI Data      Debug   

     23928       3386       1368        144      21672     815807   Grand Totals
     23928       3386       1368        144      21672     815807   ELF Image Totals
     23928       3386       1368        144          0          0   ROM Totals

==============================================================================

    Total RO  Size (Code + RO Data)                25296 (  24.70kB)
    Total RW  Size (RW Data + ZI Data)             21816 (  21.30kB)
    Total ROM Size (Code + RO Data + RW Data)      25440 (  24.84kB)

==============================================================================

